======================================================================
  HOSPITAL LOG — hospital_2   started at 2026-04-11 11:59:06
======================================================================

──────────────────────────────────────────────────────────────────────
  ROUND 1/10   [11:59:07.545]   λ_proto = 0.50
──────────────────────────────────────────────────────────────────────
  [TRAIN]  Local accuracy = 47.02%
  [SAVE]  💾 Model saved → local_models/hospital_2_round_0.pt

  [SEND]  📡 Sending 6 prototypes to server  [11:59:25.691]
  ────────────────────────────────────────────────────────────
      class 0 │ norm=6.3194  mean=+0.5248  std=0.5950  min=+0.0000  max=+2.0481
               weights[0:8] → [ +1.3471  +0.0000  +1.0552  +2.0481  +1.0496  +1.4615  +0.0000  +0.6671 ]
      class 1 │ norm=6.2524  mean=+0.5153  std=0.5923  min=+0.0000  max=+2.1322
               weights[0:8] → [ +1.4292  +0.0000  +1.1154  +2.1322  +0.9396  +1.3435  +0.0000  +0.6856 ]
      class 3 │ norm=6.3386  mean=+0.5282  std=0.5953  min=+0.0000  max=+1.9331
               weights[0:8] → [ +1.2714  +0.0000  +0.9923  +1.9331  +1.1418  +1.5606  +0.0000  +0.6603 ]
      class 4 │ norm=6.4595  mean=+0.5153  std=0.6265  min=+0.0000  max=+2.4470
               weights[0:8] → [ +1.5810  +0.0000  +1.2476  +2.4470  +0.7926  +1.1393  +0.0000  +0.6842 ]
      class 6 │ norm=6.3425  mean=+0.5120  std=0.6101  min=+0.0000  max=+2.3392
               weights[0:8] → [ +1.5253  +0.0000  +1.1969  +2.3392  +0.8325  +1.1953  +0.0000  +0.6857 ]
      class 7 │ norm=7.1316  mean=+0.4976  std=0.7455  min=+0.0000  max=+3.0485
               weights[0:8] → [ +1.9474  +0.0000  +1.5437  +3.0485  +0.3683  +0.6239  +0.0000  +0.7277 ]
  ────────────────────────────────────────────────────────────

  [RECV]  📥 Received 8 prototypes from server  [11:59:27.686]
  ────────────────────────────────────────────────────────────
      class 0 │ norm=6.3194  mean=+0.5248  std=0.5950  min=+0.0000  max=+2.0481
               weights[0:8] → [ +1.3471  +0.0000  +1.0552  +2.0481  +1.0496  +1.4615  +0.0000  +0.6671 ]
      class 1 │ norm=6.2524  mean=+0.5153  std=0.5923  min=+0.0000  max=+2.1322
               weights[0:8] → [ +1.4292  +0.0000  +1.1154  +2.1322  +0.9396  +1.3435  +0.0000  +0.6856 ]
      class 2 │ norm=9.6734  mean=+0.6358  std=1.0367  min=+0.0000  max=+4.4068
               weights[0:8] → [ +0.0000  +1.0367  +0.0000  +4.4068  +0.0000  +0.0000  +0.0000  +0.7541 ]
      class 3 │ norm=6.3386  mean=+0.5282  std=0.5953  min=+0.0000  max=+1.9331
               weights[0:8] → [ +1.2714  +0.0000  +0.9923  +1.9331  +1.1418  +1.5606  +0.0000  +0.6603 ]
      class 4 │ norm=6.4595  mean=+0.5153  std=0.6265  min=+0.0000  max=+2.4470
               weights[0:8] → [ +1.5810  +0.0000  +1.2476  +2.4470  +0.7926  +1.1393  +0.0000  +0.6842 ]
      class 5 │ norm=8.9456  mean=+0.7030  std=0.8765  min=+0.0000  max=+3.0075
               weights[0:8] → [ +0.0000  +0.7285  +0.0000  +3.0075  +0.0000  +0.0000  +0.0000  +1.5066 ]
      class 6 │ norm=6.3425  mean=+0.5120  std=0.6101  min=+0.0000  max=+2.3392
               weights[0:8] → [ +1.5253  +0.0000  +1.1969  +2.3392  +0.8325  +1.1953  +0.0000  +0.6857 ]
      class 7 │ norm=7.1316  mean=+0.4976  std=0.7455  min=+0.0000  max=+3.0485
               weights[0:8] → [ +1.9474  +0.0000  +1.5437  +3.0485  +0.3683  +0.6239  +0.0000  +0.7277 ]
  ────────────────────────────────────────────────────────────

  [DELTA] Cosine similarity: local_sent vs received
      class 0 │ cosine_sim=1.0000   L2_drift=0.0000
      class 1 │ cosine_sim=1.0000   L2_drift=0.0000
      class 3 │ cosine_sim=1.0000   L2_drift=0.0000
      class 4 │ cosine_sim=1.0000   L2_drift=0.0000
      class 6 │ cosine_sim=1.0000   L2_drift=0.0000
      class 7 │ cosine_sim=1.0000   L2_drift=0.0000

──────────────────────────────────────────────────────────────────────
  ROUND 2/10   [11:59:27.708]   λ_proto = 1.00
──────────────────────────────────────────────────────────────────────
  [TRAIN]  Local accuracy = 60.06%
  [SAVE]  💾 Model saved → local_models/hospital_2_round_1.pt

  [SEND]  📡 Sending 6 prototypes to server  [11:59:47.165]
  ────────────────────────────────────────────────────────────
      class 0 │ norm=7.2167  mean=+0.6046  std=0.6748  min=+0.0000  max=+2.1264
               weights[0:8] → [ +1.3987  +0.0000  +1.1431  +2.1264  +1.3101  +1.8518  +0.0000  +0.6474 ]
      class 1 │ norm=6.7767  mean=+0.5666  std=0.6347  min=+0.0000  max=+2.1581
               weights[0:8] → [ +1.4935  +0.0000  +1.2093  +2.1581  +1.0617  +1.6004  +0.0000  +0.7056 ]
      class 3 │ norm=7.3289  mean=+0.6116  std=0.6875  min=+0.0000  max=+2.0044
               weights[0:8] → [ +1.3096  +0.0000  +1.0574  +1.9690  +1.4327  +2.0044  +0.0000  +0.6200 ]
      class 4 │ norm=6.9564  mean=+0.5629  std=0.6680  min=+0.0000  max=+2.5916
               weights[0:8] → [ +1.6450  +0.0000  +1.3683  +2.5916  +0.9015  +1.3042  +0.0000  +0.7077 ]
      class 6 │ norm=6.6916  mean=+0.5435  std=0.6408  min=+0.0000  max=+2.4587
               weights[0:8] → [ +1.5957  +0.0000  +1.3120  +2.4587  +0.8578  +1.2919  +0.0000  +0.7099 ]
      class 7 │ norm=7.5162  mean=+0.4891  std=0.8085  min=+0.0000  max=+3.2955
               weights[0:8] → [ +2.0465  +0.0000  +1.7302  +3.2955  +0.1963  +0.3939  +0.0000  +0.8366 ]
  ────────────────────────────────────────────────────────────

  [RECV]  📥 Received 8 prototypes from server  [11:59:47.320]
  ────────────────────────────────────────────────────────────
      class 0 │ norm=6.0667  mean=+0.6132  std=0.4496  min=+0.0000  max=+1.6471
               weights[0:8] → [ +0.6994  +0.6318  +1.0154  +1.0632  +1.2299  +1.0037  +0.4373  +0.5545 ]
      class 1 │ norm=5.8368  mean=+0.5847  std=0.4398  min=+0.0000  max=+1.7495
               weights[0:8] → [ +0.7467  +0.5667  +1.0794  +1.0791  +1.0532  +0.8765  +0.3872  +0.5981 ]
      class 2 │ norm=8.2448  mean=+0.5798  std=0.8588  min=+0.0000  max=+3.4059
               weights[0:8] → [ +0.0000  +0.7673  +1.1155  +0.0000  +0.7519  +0.0778  +0.5198  +0.5631 ]
      class 3 │ norm=6.1347  mean=+0.6202  std=0.4545  min=+0.0000  max=+1.7359
               weights[0:8] → [ +0.6548  +0.6705  +0.9536  +0.9845  +1.3228  +1.0838  +0.4657  +0.5343 ]
      class 4 │ norm=5.9478  mean=+0.5798  std=0.4691  min=+0.0000  max=+1.9283
               weights[0:8] → [ +0.8225  +0.4710  +1.2031  +1.2958  +0.8971  +0.7032  +0.3223  +0.6172 ]
      class 5 │ norm=7.8813  mean=+0.6367  std=0.7577  min=+0.0000  max=+2.3864
               weights[0:8] → [ +0.0000  +1.4620  +0.7899  +0.0000  +1.3116  +0.1807  +1.0166  +0.4272 ]
      class 6 │ norm=5.7916  mean=+0.5684  std=0.4520  min=+0.0000  max=+1.8661
               weights[0:8] → [ +0.7979  +0.4947  +1.1595  +1.2293  +0.8963  +0.7048  +0.3353  +0.6139 ]
      class 7 │ norm=6.3121  mean=+0.5202  std=0.5980  min=+0.0000  max=+2.3733
               weights[0:8] → [ +1.0232  +0.2174  +1.5048  +1.6478  +0.3417  +0.2183  +0.1371  +0.7368 ]
  ────────────────────────────────────────────────────────────

  [DELTA] Cosine similarity: local_sent vs received
      class 0 │ cosine_sim=0.7872   L2_drift=4.4676
      class 1 │ cosine_sim=0.7725   L2_drift=4.3455
      class 3 │ cosine_sim=0.7925   L2_drift=4.4821
      class 4 │ cosine_sim=0.7562   L2_drift=4.6036
      class 6 │ cosine_sim=0.7541   L2_drift=4.4576
      class 7 │ cosine_sim=0.7174   L2_drift=5.3160

──────────────────────────────────────────────────────────────────────
  ROUND 3/10   [11:59:47.340]   λ_proto = 1.50
──────────────────────────────────────────────────────────────────────
  [TRAIN]  Local accuracy = 65.83%
  [SAVE]  💾 Model saved → local_models/hospital_2_round_2.pt

  [SEND]  📡 Sending 6 prototypes to server  [12:00:14.470]
  ────────────────────────────────────────────────────────────
      class 0 │ norm=6.7185  mean=+0.6438  std=0.5435  min=+0.0000  max=+1.9298
               weights[0:8] → [ +0.7408  +0.0000  +1.0541  +1.0836  +1.4782  +1.3303  +0.2785  +0.6012 ]
      class 1 │ norm=6.1463  mean=+0.5851  std=0.5018  min=+0.0000  max=+1.9332
               weights[0:8] → [ +0.8240  +0.0000  +1.1490  +1.0633  +1.1130  +1.0424  +0.2733  +0.6978 ]
      class 3 │ norm=6.7835  mean=+0.6454  std=0.5543  min=+0.0000  max=+2.0164
               weights[0:8] → [ +0.6822  +0.0000  +0.9783  +0.9760  +1.5778  +1.3982  +0.2540  +0.5686 ]
      class 4 │ norm=6.2007  mean=+0.5878  std=0.5092  min=+0.0000  max=+1.9472
               weights[0:8] → [ +0.8790  +0.0000  +1.2472  +1.3859  +1.0042  +0.8862  +0.3447  +0.6476 ]
      class 6 │ norm=5.9115  mean=+0.5553  std=0.4913  min=+0.0000  max=+1.9417
               weights[0:8] → [ +0.8578  +0.0000  +1.2152  +1.2897  +0.8891  +0.7880  +0.3173  +0.6664 ]
      class 7 │ norm=6.3969  mean=+0.4864  std=0.6397  min=+0.0000  max=+2.3441
               weights[0:8] → [ +1.1249  +0.0000  +1.5794  +1.8470  +0.1539  +0.1275  +0.4348  +0.7838 ]
  ────────────────────────────────────────────────────────────

  [RECV]  📥 Received 8 prototypes from server  [12:00:14.593]
  ────────────────────────────────────────────────────────────
      class 0 │ norm=6.3272  mean=+0.6122  std=0.5047  min=+0.0000  max=+1.8483
               weights[0:8] → [ +0.7415  +0.5447  +1.0413  +0.5418  +1.4412  +1.0196  +0.5195  +0.6783 ]
      class 1 │ norm=5.8000  mean=+0.5525  std=0.4732  min=+0.0000  max=+1.8880
               weights[0:8] → [ +0.7452  +0.4376  +1.1352  +0.5316  +1.1612  +0.8583  +0.4284  +0.7558 ]
      class 2 │ norm=6.0427  mean=+0.4714  std=0.5948  min=+0.0000  max=+2.4189
               weights[0:8] → [ +0.5037  +0.4843  +1.2853  +0.0000  +0.7544  +0.3781  +0.3340  +0.8931 ]
      class 3 │ norm=6.3748  mean=+0.6151  std=0.5106  min=+0.0000  max=+1.9620
               weights[0:8] → [ +0.7253  +0.5712  +0.9777  +0.4880  +1.5379  +1.0716  +0.5231  +0.6535 ]
      class 4 │ norm=5.9010  mean=+0.5508  std=0.4945  min=+0.0000  max=+2.0867
               weights[0:8] → [ +0.7343  +0.3512  +1.2226  +0.6929  +0.9936  +0.6875  +0.4177  +0.7457 ]
      class 5 │ norm=6.7610  mean=+0.5915  std=0.6084  min=+0.0000  max=+2.0749
               weights[0:8] → [ +0.8103  +1.2300  +0.9014  +0.0000  +1.6358  +0.8130  +0.8464  +0.7125 ]
      class 6 │ norm=5.6242  mean=+0.5214  std=0.4753  min=+0.0000  max=+2.0222
               weights[0:8] → [ +0.7208  +0.3287  +1.1949  +0.6448  +0.9430  +0.6605  +0.3804  +0.7555 ]
      class 7 │ norm=6.0361  mean=+0.4456  std=0.6137  min=+0.0000  max=+2.5962
               weights[0:8] → [ +0.7317  +0.0534  +1.5324  +0.9235  +0.2335  +0.1616  +0.2504  +0.8940 ]
  ────────────────────────────────────────────────────────────

  [DELTA] Cosine similarity: local_sent vs received
      class 0 │ cosine_sim=0.9530   L2_drift=2.0366
      class 1 │ cosine_sim=0.9617   L2_drift=1.6892
      class 3 │ cosine_sim=0.9515   L2_drift=2.0889
      class 4 │ cosine_sim=0.9581   L2_drift=1.7765
      class 6 │ cosine_sim=0.9617   L2_drift=1.6205
      class 7 │ cosine_sim=0.9311   L2_drift=2.3350

──────────────────────────────────────────────────────────────────────
  ROUND 4/10   [12:00:14.612]   λ_proto = 2.00
──────────────────────────────────────────────────────────────────────
  [TRAIN]  Local accuracy = 70.49%
  [SAVE]  💾 Model saved → local_models/hospital_2_round_3.pt

  [SEND]  📡 Sending 6 prototypes to server  [12:00:33.440]
  ────────────────────────────────────────────────────────────
      class 0 │ norm=6.7685  mean=+0.6346  std=0.5639  min=+0.0000  max=+1.9941
               weights[0:8] → [ +0.6989  +0.0000  +1.1384  +0.5637  +1.6213  +1.2612  +0.4375  +0.6859 ]
      class 1 │ norm=6.1425  mean=+0.5656  std=0.5234  min=+0.0000  max=+2.0924
               weights[0:8] → [ +0.8440  +0.0000  +1.2921  +0.5372  +1.1478  +0.9735  +0.4244  +0.8406 ]
      class 3 │ norm=6.7879  mean=+0.6317  std=0.5710  min=+0.0000  max=+2.0770
               weights[0:8] → [ +0.6519  +0.0000  +1.0594  +0.4998  +1.6981  +1.2903  +0.4021  +0.6467 ]
      class 4 │ norm=6.0749  mean=+0.5638  std=0.5127  min=+0.0000  max=+2.0841
               weights[0:8] → [ +0.7591  +0.0000  +1.3132  +0.7625  +1.0982  +0.8355  +0.5439  +0.7082 ]
      class 6 │ norm=5.7671  mean=+0.5250  std=0.4979  min=+0.0000  max=+2.0899
               weights[0:8] → [ +0.7802  +0.0000  +1.2997  +0.7011  +0.9252  +0.7164  +0.5063  +0.7492 ]
      class 7 │ norm=6.0508  mean=+0.4374  std=0.6220  min=+0.0000  max=+2.5158
               weights[0:8] → [ +0.9416  +0.0000  +1.6504  +1.0717  +0.1304  +0.1066  +0.6896  +0.8524 ]
  ────────────────────────────────────────────────────────────

  [RECV]  📥 Received 8 prototypes from server  [12:00:33.601]
  ────────────────────────────────────────────────────────────
      class 0 │ norm=6.2464  mean=+0.5896  std=0.5159  min=+0.0000  max=+1.8922
               weights[0:8] → [ +0.9080  +0.4404  +1.1508  +0.2818  +1.5153  +1.1509  +0.5209  +0.7104 ]
      class 1 │ norm=5.6051  mean=+0.5216  std=0.4715  min=+0.0000  max=+1.7822
               weights[0:8] → [ +0.9502  +0.3563  +1.2988  +0.2686  +1.1796  +0.9983  +0.4194  +0.8342 ]
      class 2 │ norm=5.2466  mean=+0.4285  std=0.5004  min=+0.0000  max=+1.9951
               weights[0:8] → [ +0.9001  +0.3614  +1.4337  +0.0000  +0.6817  +0.5027  +0.2455  +0.8743 ]
      class 3 │ norm=6.2374  mean=+0.5849  std=0.5196  min=+0.0000  max=+1.9739
               weights[0:8] → [ +0.8858  +0.4456  +1.0840  +0.2499  +1.5970  +1.1888  +0.4998  +0.6843 ]
      class 4 │ norm=5.6409  mean=+0.5196  std=0.4804  min=+0.0000  max=+1.9547
               weights[0:8] → [ +0.8702  +0.2779  +1.3250  +0.3813  +1.0183  +0.7580  +0.4655  +0.7636 ]
      class 5 │ norm=6.0909  mean=+0.5351  std=0.5458  min=+0.0000  max=+2.0156
               weights[0:8] → [ +1.1418  +0.9424  +1.0275  +0.0000  +1.6319  +1.1833  +0.6130  +0.7007 ]
      class 6 │ norm=5.3285  mean=+0.4837  std=0.4615  min=+0.0000  max=+1.9047
               weights[0:8] → [ +0.8717  +0.2499  +1.3176  +0.3505  +0.9327  +0.7320  +0.4107  +0.7955 ]
      class 7 │ norm=5.6214  mean=+0.4010  std=0.5816  min=+0.0000  max=+2.4442
               weights[0:8] → [ +0.8566  +0.0357  +1.6548  +0.5358  +0.1750  +0.1648  +0.3616  +0.9229 ]
  ────────────────────────────────────────────────────────────

  [DELTA] Cosine similarity: local_sent vs received
      class 0 │ cosine_sim=0.9762   L2_drift=1.5122
      class 1 │ cosine_sim=0.9792   L2_drift=1.3112
      class 3 │ cosine_sim=0.9757   L2_drift=1.5356
      class 4 │ cosine_sim=0.9819   L2_drift=1.1942
      class 6 │ cosine_sim=0.9827   L2_drift=1.1203
      class 7 │ cosine_sim=0.9650   L2_drift=1.6018

──────────────────────────────────────────────────────────────────────
  ROUND 5/10   [12:00:33.653]   λ_proto = 2.50
──────────────────────────────────────────────────────────────────────
  [TRAIN]  Local accuracy = 72.67%
  [SAVE]  💾 Model saved → local_models/hospital_2_round_4.pt

  [SEND]  📡 Sending 6 prototypes to server  [12:00:52.761]
  ────────────────────────────────────────────────────────────
      class 0 │ norm=6.5590  mean=+0.6067  std=0.5558  min=+0.0000  max=+1.9145
               weights[0:8] → [ +0.8582  +0.0000  +1.2038  +0.3346  +1.6381  +1.3037  +0.4276  +0.7497 ]
      class 1 │ norm=5.9811  mean=+0.5429  std=0.5181  min=+0.0000  max=+1.9769
               weights[0:8] → [ +1.0570  +0.0000  +1.4048  +0.3067  +1.0925  +1.0493  +0.4095  +0.9672 ]
      class 3 │ norm=6.5069  mean=+0.5976  std=0.5561  min=+0.0000  max=+1.9763
               weights[0:8] → [ +0.8014  +0.0000  +1.1140  +0.2956  +1.6797  +1.3126  +0.3944  +0.7074 ]
      class 4 │ norm=5.8044  mean=+0.5303  std=0.4991  min=+0.0000  max=+1.9407
               weights[0:8] → [ +0.8969  +0.0000  +1.3732  +0.4706  +1.1142  +0.8579  +0.5394  +0.7309 ]
      class 6 │ norm=5.4974  mean=+0.4911  std=0.4844  min=+0.0000  max=+1.9636
               weights[0:8] → [ +0.9323  +0.0000  +1.3618  +0.4367  +0.8972  +0.7383  +0.5033  +0.7975 ]
      class 7 │ norm=5.7212  mean=+0.3987  std=0.5984  min=+0.0000  max=+2.3445
               weights[0:8] → [ +1.0891  +0.0000  +1.7268  +0.6846  +0.1082  +0.1129  +0.6926  +0.8653 ]
  ────────────────────────────────────────────────────────────

  [RECV]  📥 Received 8 prototypes from server  [12:00:52.919]
  ────────────────────────────────────────────────────────────
      class 0 │ norm=6.1874  mean=+0.5757  std=0.5206  min=+0.0000  max=+1.8599
               weights[0:8] → [ +0.9877  +0.4404  +1.1835  +0.1673  +1.5237  +1.1721  +0.5159  +0.7423 ]
      class 1 │ norm=5.5593  mean=+0.5102  std=0.4755  min=+0.0000  max=+1.7419
               weights[0:8] → [ +1.0567  +0.3563  +1.3552  +0.1534  +1.1519  +1.0362  +0.4120  +0.8975 ]
      class 2 │ norm=5.2466  mean=+0.4285  std=0.5004  min=+0.0000  max=+1.9951
               weights[0:8] → [ +0.9001  +0.3614  +1.4337  +0.0000  +0.6817  +0.5027  +0.2455  +0.8743 ]
      class 3 │ norm=6.1491  mean=+0.5679  std=0.5221  min=+0.0000  max=+1.9236
               weights[0:8] → [ +0.9605  +0.4456  +1.1112  +0.1478  +1.5877  +1.1999  +0.4959  +0.7146 ]
      class 4 │ norm=5.5434  mean=+0.5029  std=0.4804  min=+0.0000  max=+1.8830
               weights[0:8] → [ +0.9391  +0.2779  +1.3550  +0.2353  +1.0262  +0.7692  +0.4633  +0.7750 ]
      class 5 │ norm=6.0909  mean=+0.5351  std=0.5458  min=+0.0000  max=+2.0156
               weights[0:8] → [ +1.1418  +0.9424  +1.0275  +0.0000  +1.6319  +1.1833  +0.6130  +0.7007 ]
      class 6 │ norm=5.2339  mean=+0.4668  std=0.4620  min=+0.0000  max=+1.8415
               weights[0:8] → [ +0.9477  +0.2499  +1.3486  +0.2184  +0.9187  +0.7430  +0.4092  +0.8196 ]
      class 7 │ norm=5.5070  mean=+0.3817  std=0.5774  min=+0.0000  max=+2.3585
               weights[0:8] → [ +0.9303  +0.0357  +1.6930  +0.3423  +0.1639  +0.1679  +0.3631  +0.9294 ]
  ────────────────────────────────────────────────────────────

  [DELTA] Cosine similarity: local_sent vs received
      class 0 │ cosine_sim=0.9817   L2_drift=1.2745
      class 1 │ cosine_sim=0.9838   L2_drift=1.1192
      class 3 │ cosine_sim=0.9818   L2_drift=1.2582
      class 4 │ cosine_sim=0.9869   L2_drift=0.9542
      class 6 │ cosine_sim=0.9884   L2_drift=0.8578
      class 7 │ cosine_sim=0.9706   L2_drift=1.3776

──────────────────────────────────────────────────────────────────────
  ROUND 6/10   [12:00:52.949]   λ_proto = 2.50
──────────────────────────────────────────────────────────────────────
  [TRAIN]  Local accuracy = 74.02%
  [SAVE]  💾 Model saved → local_models/hospital_2_round_5.pt

  [SEND]  📡 Sending 6 prototypes to server  [12:01:12.314]
  ────────────────────────────────────────────────────────────
      class 0 │ norm=6.4139  mean=+0.5826  std=0.5552  min=+0.0000  max=+1.8421
               weights[0:8] → [ +0.8393  +0.0000  +1.1533  +0.2090  +1.6855  +1.2938  +0.4238  +0.6798 ]
      class 1 │ norm=5.7858  mean=+0.5248  std=0.5016  min=+0.0000  max=+1.8364
               weights[0:8] → [ +1.0794  +0.0000  +1.3712  +0.1833  +1.0826  +1.0824  +0.4027  +0.9518 ]
      class 3 │ norm=6.3232  mean=+0.5693  std=0.5527  min=+0.0000  max=+1.8748
               weights[0:8] → [ +0.7720  +0.0000  +1.0507  +0.1817  +1.7068  +1.2836  +0.3902  +0.6332 ]
      class 4 │ norm=5.5705  mean=+0.5003  std=0.4881  min=+0.0000  max=+1.7710
               weights[0:8] → [ +0.8755  +0.0000  +1.3347  +0.2973  +1.1495  +0.8439  +0.5405  +0.6414 ]
      class 6 │ norm=5.2231  mean=+0.4592  std=0.4677  min=+0.0000  max=+1.7993
               weights[0:8] → [ +0.9143  +0.0000  +1.3102  +0.2819  +0.9005  +0.7284  +0.5062  +0.7238 ]
      class 7 │ norm=5.3538  mean=+0.3603  std=0.5684  min=+0.0000  max=+2.1614
               weights[0:8] → [ +1.0814  +0.0000  +1.7103  +0.4433  +0.0983  +0.1134  +0.7038  +0.7734 ]
  ────────────────────────────────────────────────────────────

  [RECV]  📥 Received 8 prototypes from server  [12:01:12.466]
  ────────────────────────────────────────────────────────────
      class 0 │ norm=6.3605  mean=+0.5812  std=0.5468  min=+0.0000  max=+1.8988
               weights[0:8] → [ +0.9076  +0.3476  +1.1787  +0.1045  +1.5634  +1.1874  +0.5305  +0.7104 ]
      class 1 │ norm=5.7484  mean=+0.5247  std=0.4948  min=+0.0000  max=+1.7529
               weights[0:8] → [ +1.0161  +0.3432  +1.3863  +0.0917  +1.1953  +1.1338  +0.4305  +0.9131 ]
      class 2 │ norm=5.5973  mean=+0.4472  std=0.5424  min=+0.0000  max=+2.1917
               weights[0:8] → [ +0.7640  +0.2532  +1.4607  +0.0000  +0.6704  +0.4842  +0.2487  +0.8475 ]
      class 3 │ norm=6.2832  mean=+0.5694  std=0.5452  min=+0.0000  max=+1.9372
               weights[0:8] → [ +0.8675  +0.3466  +1.0974  +0.0909  +1.6147  +1.1979  +0.5083  +0.6843 ]
      class 4 │ norm=5.6222  mean=+0.4998  std=0.4979  min=+0.0000  max=+1.8891
               weights[0:8] → [ +0.8587  +0.2058  +1.3490  +0.1487  +1.0419  +0.7593  +0.4706  +0.7193 ]
      class 5 │ norm=6.4046  mean=+0.5652  std=0.5714  min=+0.0000  max=+2.0990
               weights[0:8] → [ +0.9760  +0.7413  +1.0604  +0.0000  +1.6604  +1.2113  +0.6438  +0.7292 ]
      class 6 │ norm=5.3142  mean=+0.4648  std=0.4783  min=+0.0000  max=+1.8543
               weights[0:8] → [ +0.8750  +0.2007  +1.3486  +0.1410  +0.9347  +0.7608  +0.4157  +0.7877 ]
      class 7 │ norm=5.5789  mean=+0.3716  std=0.5947  min=+0.0000  max=+2.3785
               weights[0:8] → [ +0.8738  +0.0324  +1.7067  +0.2216  +0.1576  +0.1775  +0.3692  +0.8686 ]
  ────────────────────────────────────────────────────────────

  [DELTA] Cosine similarity: local_sent vs received
      class 0 │ cosine_sim=0.9872   L2_drift=1.0244
      class 1 │ cosine_sim=0.9874   L2_drift=0.9172
      class 3 │ cosine_sim=0.9883   L2_drift=0.9665
      class 4 │ cosine_sim=0.9891   L2_drift=0.8263
      class 6 │ cosine_sim=0.9926   L2_drift=0.6486
      class 7 │ cosine_sim=0.9737   L2_drift=1.2740

──────────────────────────────────────────────────────────────────────
  ROUND 7/10   [12:01:12.503]   λ_proto = 2.50
──────────────────────────────────────────────────────────────────────
  [TRAIN]  Local accuracy = 76.04%
  [SAVE]  💾 Model saved → local_models/hospital_2_round_6.pt

  [SEND]  📡 Sending 6 prototypes to server  [12:01:32.010]
  ────────────────────────────────────────────────────────────
      class 0 │ norm=6.4782  mean=+0.5816  std=0.5679  min=+0.0000  max=+1.8731
               weights[0:8] → [ +0.7987  +0.0000  +1.1885  +0.1226  +1.6629  +1.2933  +0.4016  +0.7552 ]
      class 1 │ norm=5.9758  mean=+0.5342  std=0.5262  min=+0.0000  max=+1.9118
               weights[0:8] → [ +1.0702  +0.0000  +1.4287  +0.1002  +1.0291  +1.1260  +0.3794  +1.0748 ]
      class 3 │ norm=6.3582  mean=+0.5666  std=0.5618  min=+0.0000  max=+1.8961
               weights[0:8] → [ +0.7348  +0.0000  +1.0810  +0.1036  +1.6587  +1.2695  +0.3672  +0.7183 ]
      class 4 │ norm=5.6233  mean=+0.4955  std=0.5025  min=+0.0000  max=+1.8241
               weights[0:8] → [ +0.8152  +0.0000  +1.3800  +0.1743  +1.1384  +0.8361  +0.5201  +0.6718 ]
      class 6 │ norm=5.3129  mean=+0.4566  std=0.4861  min=+0.0000  max=+1.8627
               weights[0:8] → [ +0.8645  +0.0000  +1.3497  +0.1706  +0.8657  +0.7274  +0.4841  +0.7856 ]
      class 7 │ norm=5.4196  mean=+0.3538  std=0.5823  min=+0.0000  max=+2.2247
               weights[0:8] → [ +1.0103  +0.0000  +1.7782  +0.2676  +0.0844  +0.1168  +0.6879  +0.7856 ]
  ────────────────────────────────────────────────────────────

  [RECV]  📥 Received 8 prototypes from server  [12:01:32.141]
  ────────────────────────────────────────────────────────────
      class 0 │ norm=6.4465  mean=+0.5789  std=0.5650  min=+0.0000  max=+1.9637
               weights[0:8] → [ +0.8872  +0.2349  +1.1768  +0.0613  +1.5737  +1.1812  +0.5317  +0.7453 ]
      class 1 │ norm=5.8929  mean=+0.5331  std=0.5123  min=+0.0000  max=+1.7850
               weights[0:8] → [ +1.0331  +0.3022  +1.4121  +0.0501  +1.2224  +1.2044  +0.4408  +0.9882 ]
      class 2 │ norm=5.3900  mean=+0.4250  std=0.5269  min=+0.0000  max=+2.1575
               weights[0:8] → [ +0.7801  +0.1247  +1.4109  +0.0000  +0.6719  +0.4317  +0.2444  +0.8039 ]
      class 3 │ norm=6.3449  mean=+0.5651  std=0.5609  min=+0.0000  max=+1.9883
               weights[0:8] → [ +0.8410  +0.2236  +1.0901  +0.0518  +1.6114  +1.1767  +0.5065  +0.7294 ]
      class 4 │ norm=5.6098  mean=+0.4894  std=0.5062  min=+0.0000  max=+1.9001
               weights[0:8] → [ +0.8336  +0.1228  +1.3476  +0.0872  +1.0411  +0.7343  +0.4634  +0.7160 ]
      class 5 │ norm=6.4613  mean=+0.5605  std=0.5861  min=+0.0000  max=+2.1690
               weights[0:8] → [ +0.9501  +0.4893  +1.0060  +0.0000  +1.7105  +1.1814  +0.6676  +0.7524 ]
      class 6 │ norm=5.3234  mean=+0.4565  std=0.4880  min=+0.0000  max=+1.8829
               weights[0:8] → [ +0.8594  +0.1288  +1.3480  +0.0853  +0.9376  +0.7517  +0.4053  +0.8136 ]
      class 7 │ norm=5.5154  mean=+0.3550  std=0.5957  min=+0.0000  max=+2.3836
               weights[0:8] → [ +0.8652  +0.0233  +1.7188  +0.1338  +0.1565  +0.1714  +0.3615  +0.8479 ]
  ────────────────────────────────────────────────────────────

  [DELTA] Cosine similarity: local_sent vs received
      class 0 │ cosine_sim=0.9906   L2_drift=0.8889
      class 1 │ cosine_sim=0.9881   L2_drift=0.9202
      class 3 │ cosine_sim=0.9914   L2_drift=0.8349
      class 4 │ cosine_sim=0.9930   L2_drift=0.6642
      class 6 │ cosine_sim=0.9963   L2_drift=0.4552
      class 7 │ cosine_sim=0.9843   L2_drift=0.9728

──────────────────────────────────────────────────────────────────────
  ROUND 8/10   [12:01:32.171]   λ_proto = 2.50
──────────────────────────────────────────────────────────────────────
  [TRAIN]  Local accuracy = 78.10%
  [SAVE]  💾 Model saved → local_models/hospital_2_round_7.pt

  [SEND]  📡 Sending 6 prototypes to server  [12:01:51.685]
  ────────────────────────────────────────────────────────────
      class 0 │ norm=6.6794  mean=+0.6006  std=0.5846  min=+0.0000  max=+1.8456
               weights[0:8] → [ +0.8225  +0.0000  +1.2510  +0.1319  +1.6627  +1.2436  +0.4639  +0.8196 ]
      class 1 │ norm=6.2411  mean=+0.5590  std=0.5485  min=+0.0000  max=+2.0076
               weights[0:8] → [ +1.1128  +0.0000  +1.5007  +0.1076  +1.0105  +1.1141  +0.4390  +1.1686 ]
      class 3 │ norm=6.5576  mean=+0.5854  std=0.5783  min=+0.0000  max=+1.8589
               weights[0:8] → [ +0.7563  +0.0000  +1.1361  +0.1152  +1.6438  +1.2054  +0.4255  +0.7864 ]
      class 4 │ norm=5.8719  mean=+0.5146  std=0.5276  min=+0.0000  max=+1.9237
               weights[0:8] → [ +0.8464  +0.0000  +1.4672  +0.1814  +1.1386  +0.7978  +0.5994  +0.7269 ]
      class 6 │ norm=5.6181  mean=+0.4781  std=0.5185  min=+0.0000  max=+1.9665
               weights[0:8] → [ +0.8961  +0.0000  +1.4248  +0.1894  +0.8517  +0.6951  +0.5617  +0.8576 ]
      class 7 │ norm=5.7804  mean=+0.3758  std=0.6220  min=+0.0000  max=+2.3510
               weights[0:8] → [ +1.0581  +0.0000  +1.8991  +0.2765  +0.0780  +0.1133  +0.7925  +0.8515 ]
  ────────────────────────────────────────────────────────────

  [RECV]  📥 Received 8 prototypes from server  [12:01:51.814]
  ────────────────────────────────────────────────────────────
      class 0 │ norm=6.5478  mean=+0.5860  std=0.5759  min=+0.0000  max=+1.9450
               weights[0:8] → [ +0.8663  +0.1674  +1.2136  +0.0660  +1.5595  +1.1305  +0.5590  +0.7851 ]
      class 1 │ norm=6.0475  mean=+0.5488  std=0.5240  min=+0.0000  max=+1.8495
               weights[0:8] → [ +1.0408  +0.2873  +1.4615  +0.0538  +1.2238  +1.2151  +0.4806  +1.0523 ]
      class 2 │ norm=5.3585  mean=+0.4161  std=0.5290  min=+0.0000  max=+2.1855
               weights[0:8] → [ +0.7321  +0.0539  +1.4343  +0.0000  +0.6397  +0.3683  +0.2267  +0.7914 ]
      class 3 │ norm=6.4236  mean=+0.5706  std=0.5694  min=+0.0000  max=+1.9538
               weights[0:8] → [ +0.8150  +0.1505  +1.1189  +0.0576  +1.5898  +1.1128  +0.5287  +0.7768 ]
      class 4 │ norm=5.7202  mean=+0.4950  std=0.5200  min=+0.0000  max=+1.9628
               weights[0:8] → [ +0.8216  +0.0734  +1.4011  +0.0907  +1.0229  +0.6840  +0.4961  +0.7396 ]
      class 5 │ norm=6.3756  mean=+0.5514  std=0.5799  min=+0.0000  max=+2.1199
               weights[0:8] → [ +0.8726  +0.3463  +0.9956  +0.0000  +1.6876  +1.1159  +0.6567  +0.7962 ]
      class 6 │ norm=5.4551  mean=+0.4640  std=0.5036  min=+0.0000  max=+1.9564
               weights[0:8] → [ +0.8534  +0.0871  +1.3939  +0.0947  +0.9220  +0.7122  +0.4359  +0.8565 ]
      class 7 │ norm=5.6960  mean=+0.3633  std=0.6172  min=+0.0000  max=+2.4565
               weights[0:8] → [ +0.8810  +0.0183  +1.7986  +0.1382  +0.1487  +0.1560  +0.4129  +0.8695 ]
  ────────────────────────────────────────────────────────────

  [DELTA] Cosine similarity: local_sent vs received
      class 0 │ cosine_sim=0.9928   L2_drift=0.8070
      class 1 │ cosine_sim=0.9876   L2_drift=0.9870
      class 3 │ cosine_sim=0.9930   L2_drift=0.7789
      class 4 │ cosine_sim=0.9938   L2_drift=0.6619
      class 6 │ cosine_sim=0.9958   L2_drift=0.5332
      class 7 │ cosine_sim=0.9865   L2_drift=0.9459

──────────────────────────────────────────────────────────────────────
  ROUND 9/10   [12:01:51.834]   λ_proto = 2.50
──────────────────────────────────────────────────────────────────────
  [TRAIN]  Local accuracy = 80.43%
  [SAVE]  💾 Model saved → local_models/hospital_2_round_8.pt

  [SEND]  📡 Sending 6 prototypes to server  [12:02:11.075]
  ────────────────────────────────────────────────────────────
      class 0 │ norm=6.7303  mean=+0.6012  std=0.5931  min=+0.0000  max=+1.8460
               weights[0:8] → [ +0.7805  +0.0000  +1.2316  +0.0999  +1.7098  +1.2326  +0.4283  +0.7926 ]
      class 1 │ norm=6.2467  mean=+0.5607  std=0.5477  min=+0.0000  max=+1.9959
               weights[0:8] → [ +1.0791  +0.0000  +1.4766  +0.0763  +1.0401  +1.1472  +0.4038  +1.1664 ]
      class 3 │ norm=6.5969  mean=+0.5861  std=0.5846  min=+0.0000  max=+1.8667
               weights[0:8] → [ +0.7153  +0.0000  +1.1126  +0.0826  +1.6852  +1.1915  +0.3855  +0.7704 ]
      class 4 │ norm=5.8358  mean=+0.5098  std=0.5259  min=+0.0000  max=+1.9299
               weights[0:8] → [ +0.8121  +0.0000  +1.4653  +0.1375  +1.1668  +0.7834  +0.5646  +0.6846 ]
      class 6 │ norm=5.5470  mean=+0.4721  std=0.5118  min=+0.0000  max=+1.9685
               weights[0:8] → [ +0.8579  +0.0000  +1.4090  +0.1441  +0.8697  +0.6923  +0.5180  +0.8337 ]
      class 7 │ norm=5.6777  mean=+0.3637  std=0.6143  min=+0.0000  max=+2.3715
               weights[0:8] → [ +1.0286  +0.0000  +1.9128  +0.2151  +0.0786  +0.1180  +0.7579  +0.8015 ]
  ────────────────────────────────────────────────────────────

  [RECV]  📥 Received 8 prototypes from server  [12:02:11.203]
  ────────────────────────────────────────────────────────────
      class 0 │ norm=6.5727  mean=+0.5859  std=0.5805  min=+0.0000  max=+1.9286
               weights[0:8] → [ +0.8469  +0.1348  +1.2219  +0.0500  +1.5538  +1.1018  +0.5356  +0.7853 ]
      class 1 │ norm=6.0884  mean=+0.5526  std=0.5274  min=+0.0000  max=+1.8808
               weights[0:8] → [ +1.0383  +0.2754  +1.4724  +0.0381  +1.2265  +1.2361  +0.4689  +1.0690 ]
      class 2 │ norm=5.4580  mean=+0.4177  std=0.5437  min=+0.0000  max=+2.2358
               weights[0:8] → [ +0.7645  +0.0294  +1.4866  +0.0000  +0.6047  +0.3204  +0.2095  +0.8008 ]
      class 3 │ norm=6.4308  mean=+0.5695  std=0.5718  min=+0.0000  max=+1.9302
               weights[0:8] → [ +0.7925  +0.1136  +1.1233  +0.0413  +1.5817  +1.0782  +0.4992  +0.7911 ]
      class 4 │ norm=5.7293  mean=+0.4930  std=0.5236  min=+0.0000  max=+1.9900
               weights[0:8] → [ +0.8158  +0.0520  +1.4237  +0.0688  +1.0136  +0.6526  +0.4718  +0.7241 ]
      class 5 │ norm=6.3143  mean=+0.5478  std=0.5728  min=+0.0000  max=+2.0479
               weights[0:8] → [ +0.8638  +0.2760  +1.0212  +0.0000  +1.6358  +1.0618  +0.6391  +0.8610 ]
      class 6 │ norm=5.4625  mean=+0.4614  std=0.5073  min=+0.0000  max=+1.9950
               weights[0:8] → [ +0.8473  +0.0633  +1.4076  +0.0720  +0.9143  +0.6893  +0.4054  +0.8600 ]
      class 7 │ norm=5.7329  mean=+0.3601  std=0.6244  min=+0.0000  max=+2.4852
               weights[0:8] → [ +0.8977  +0.0142  +1.8385  +0.1076  +0.1464  +0.1484  +0.3943  +0.8433 ]
  ────────────────────────────────────────────────────────────

  [DELTA] Cosine similarity: local_sent vs received
      class 0 │ cosine_sim=0.9930   L2_drift=0.8045
      class 1 │ cosine_sim=0.9881   L2_drift=0.9654
      class 3 │ cosine_sim=0.9936   L2_drift=0.7550
      class 4 │ cosine_sim=0.9931   L2_drift=0.6881
      class 6 │ cosine_sim=0.9965   L2_drift=0.4712
      class 7 │ cosine_sim=0.9885   L2_drift=0.8680

──────────────────────────────────────────────────────────────────────
  ROUND 10/10   [12:02:11.227]   λ_proto = 2.50
──────────────────────────────────────────────────────────────────────
  [TRAIN]  Local accuracy = 81.50%
  [SAVE]  💾 Model saved → local_models/hospital_2_round_9.pt

  [SEND]  📡 Sending 6 prototypes to server  [12:02:30.284]
  ────────────────────────────────────────────────────────────
      class 0 │ norm=6.6418  mean=+0.5906  std=0.5881  min=+0.0000  max=+1.8063
               weights[0:8] → [ +0.7600  +0.0000  +1.2405  +0.0793  +1.6813  +1.1665  +0.4047  +0.7548 ]
      class 1 │ norm=6.1596  mean=+0.5517  std=0.5413  min=+0.0000  max=+1.9958
               weights[0:8] → [ +1.0584  +0.0000  +1.4845  +0.0571  +1.0098  +1.1116  +0.3812  +1.1388 ]
      class 3 │ norm=6.4940  mean=+0.5757  std=0.5768  min=+0.0000  max=+1.7890
               weights[0:8] → [ +0.6972  +0.0000  +1.1199  +0.0644  +1.6449  +1.1161  +0.3614  +0.7447 ]
      class 4 │ norm=5.7705  mean=+0.4999  std=0.5241  min=+0.0000  max=+1.9442
               weights[0:8] → [ +0.8004  +0.0000  +1.4875  +0.1061  +1.1463  +0.7355  +0.5393  +0.6354 ]
      class 6 │ norm=5.4794  mean=+0.4624  std=0.5093  min=+0.0000  max=+1.9815
               weights[0:8] → [ +0.8421  +0.0000  +1.4230  +0.1183  +0.8428  +0.6510  +0.4904  +0.7972 ]
      class 7 │ norm=5.6499  mean=+0.3550  std=0.6154  min=+0.0000  max=+2.3945
               weights[0:8] → [ +1.0219  +0.0000  +1.9480  +0.1680  +0.0725  +0.1122  +0.7286  +0.7425 ]
  ────────────────────────────────────────────────────────────

  [RECV]  📥 Received 8 prototypes from server  [12:02:30.445]
  ────────────────────────────────────────────────────────────
      class 0 │ norm=6.5281  mean=+0.5806  std=0.5780  min=+0.0000  max=+1.8913
               weights[0:8] → [ +0.8366  +0.1348  +1.2264  +0.0396  +1.5395  +1.0687  +0.5238  +0.7664 ]
      class 1 │ norm=6.0443  mean=+0.5481  std=0.5241  min=+0.0000  max=+1.8807
               weights[0:8] → [ +1.0279  +0.2754  +1.4763  +0.0285  +1.2113  +1.2183  +0.4576  +1.0552 ]
      class 2 │ norm=5.4580  mean=+0.4177  std=0.5437  min=+0.0000  max=+2.2358
               weights[0:8] → [ +0.7645  +0.0294  +1.4866  +0.0000  +0.6047  +0.3204  +0.2095  +0.8008 ]
      class 3 │ norm=6.3806  mean=+0.5643  std=0.5681  min=+0.0000  max=+1.8913
               weights[0:8] → [ +0.7835  +0.1136  +1.1269  +0.0322  +1.5616  +1.0405  +0.4872  +0.7783 ]
      class 4 │ norm=5.6970  mean=+0.4880  std=0.5227  min=+0.0000  max=+1.9971
               weights[0:8] → [ +0.8100  +0.0520  +1.4348  +0.0530  +1.0033  +0.6286  +0.4591  +0.6995 ]
      class 5 │ norm=6.3143  mean=+0.5478  std=0.5728  min=+0.0000  max=+2.0479
               weights[0:8] → [ +0.8638  +0.2760  +1.0212  +0.0000  +1.6358  +1.0618  +0.6391  +0.8610 ]
      class 6 │ norm=5.4309  mean=+0.4566  std=0.5064  min=+0.0000  max=+2.0015
               weights[0:8] → [ +0.8394  +0.0633  +1.4146  +0.0591  +0.9009  +0.6686  +0.3916  +0.8418 ]
      class 7 │ norm=5.7267  mean=+0.3558  std=0.6261  min=+0.0000  max=+2.4967
               weights[0:8] → [ +0.8944  +0.0142  +1.8561  +0.0840  +0.1433  +0.1455  +0.3797  +0.8138 ]
  ────────────────────────────────────────────────────────────

  [DELTA] Cosine similarity: local_sent vs received
      class 0 │ cosine_sim=0.9928   L2_drift=0.7991
      class 1 │ cosine_sim=0.9877   L2_drift=0.9627
      class 3 │ cosine_sim=0.9936   L2_drift=0.7344
      class 4 │ cosine_sim=0.9930   L2_drift=0.6816
      class 6 │ cosine_sim=0.9968   L2_drift=0.4398
      class 7 │ cosine_sim=0.9898   L2_drift=0.8164

======================================================================
  hospital_2 — TRAINING COMPLETE   [12:02:30.475]
======================================================================

