======================================================================
  HOSPITAL LOG — hospital_1   started at 2026-04-11 11:59:01
======================================================================

──────────────────────────────────────────────────────────────────────
  ROUND 1/10   [11:59:02.438]   λ_proto = 0.50
──────────────────────────────────────────────────────────────────────
  [TRAIN]  Local accuracy = 41.79%
  [SAVE]  💾 Model saved → local_models/hospital_1_round_0.pt

  [SEND]  📡 Sending 8 prototypes to server  [11:59:13.917]
  ────────────────────────────────────────────────────────────
      class 0 │ norm=8.9630  mean=+0.6886  std=0.8908  min=+0.0000  max=+3.3591
               weights[0:8] → [ +0.0000  +0.8077  +0.0000  +3.3591  +0.0000  +0.0000  +0.0000  +1.3235 ]
      class 1 │ norm=8.8861  mean=+0.6628  std=0.8984  min=+0.0000  max=+3.5651
               weights[0:8] → [ +0.0000  +0.8761  +0.0000  +3.5651  +0.0000  +0.0000  +0.0000  +1.1502 ]
      class 2 │ norm=9.6734  mean=+0.6358  std=1.0367  min=+0.0000  max=+4.4068
               weights[0:8] → [ +0.0000  +1.0367  +0.0000  +4.4068  +0.0000  +0.0000  +0.0000  +0.7541 ]
      class 3 │ norm=8.9578  mean=+0.6947  std=0.8851  min=+0.0000  max=+3.2410
               weights[0:8] → [ +0.0000  +0.7778  +0.0000  +3.2410  +0.0000  +0.0000  +0.0000  +1.3913 ]
      class 4 │ norm=9.3004  mean=+0.6543  std=0.9685  min=+0.0000  max=+4.0370
               weights[0:8] → [ +0.0000  +0.9553  +0.0000  +4.0370  +0.0000  +0.0000  +0.0000  +0.9554 ]
      class 5 │ norm=8.9456  mean=+0.7030  std=0.8765  min=+0.0000  max=+3.0075
               weights[0:8] → [ +0.0000  +0.7285  +0.0000  +3.0075  +0.0000  +0.0000  +0.0000  +1.5066 ]
      class 6 │ norm=9.1023  mean=+0.6529  std=0.9392  min=+0.0000  max=+3.8636
               weights[0:8] → [ +0.0000  +0.9260  +0.0000  +3.8636  +0.0000  +0.0000  +0.0000  +1.0110 ]
      class 7 │ norm=10.4669  mean=+0.6033  std=1.1701  min=+0.0000  max=+4.9825
               weights[0:8] → [ +0.0000  +1.1778  +0.0000  +4.9825  +0.0000  +0.0000  +0.0000  +0.4219 ]
  ────────────────────────────────────────────────────────────

  [RECV]  📥 Received 8 prototypes from server  [11:59:14.035]
  ────────────────────────────────────────────────────────────
      class 0 │ norm=8.9630  mean=+0.6886  std=0.8908  min=+0.0000  max=+3.3591
               weights[0:8] → [ +0.0000  +0.8077  +0.0000  +3.3591  +0.0000  +0.0000  +0.0000  +1.3235 ]
      class 1 │ norm=8.8861  mean=+0.6628  std=0.8984  min=+0.0000  max=+3.5651
               weights[0:8] → [ +0.0000  +0.8761  +0.0000  +3.5651  +0.0000  +0.0000  +0.0000  +1.1502 ]
      class 2 │ norm=9.6734  mean=+0.6358  std=1.0367  min=+0.0000  max=+4.4068
               weights[0:8] → [ +0.0000  +1.0367  +0.0000  +4.4068  +0.0000  +0.0000  +0.0000  +0.7541 ]
      class 3 │ norm=8.9578  mean=+0.6947  std=0.8851  min=+0.0000  max=+3.2410
               weights[0:8] → [ +0.0000  +0.7778  +0.0000  +3.2410  +0.0000  +0.0000  +0.0000  +1.3913 ]
      class 4 │ norm=9.3004  mean=+0.6543  std=0.9685  min=+0.0000  max=+4.0370
               weights[0:8] → [ +0.0000  +0.9553  +0.0000  +4.0370  +0.0000  +0.0000  +0.0000  +0.9554 ]
      class 5 │ norm=8.9456  mean=+0.7030  std=0.8765  min=+0.0000  max=+3.0075
               weights[0:8] → [ +0.0000  +0.7285  +0.0000  +3.0075  +0.0000  +0.0000  +0.0000  +1.5066 ]
      class 6 │ norm=9.1023  mean=+0.6529  std=0.9392  min=+0.0000  max=+3.8636
               weights[0:8] → [ +0.0000  +0.9260  +0.0000  +3.8636  +0.0000  +0.0000  +0.0000  +1.0110 ]
      class 7 │ norm=10.4669  mean=+0.6033  std=1.1701  min=+0.0000  max=+4.9825
               weights[0:8] → [ +0.0000  +1.1778  +0.0000  +4.9825  +0.0000  +0.0000  +0.0000  +0.4219 ]
  ────────────────────────────────────────────────────────────

  [DELTA] Cosine similarity: local_sent vs received
      class 0 │ cosine_sim=1.0000   L2_drift=0.0000
      class 1 │ cosine_sim=1.0000   L2_drift=0.0000
      class 2 │ cosine_sim=1.0000   L2_drift=0.0000
      class 3 │ cosine_sim=1.0000   L2_drift=0.0000
      class 4 │ cosine_sim=1.0000   L2_drift=0.0000
      class 5 │ cosine_sim=1.0000   L2_drift=0.0000
      class 6 │ cosine_sim=1.0000   L2_drift=0.0000
      class 7 │ cosine_sim=1.0000   L2_drift=0.0000

──────────────────────────────────────────────────────────────────────
  ROUND 2/10   [11:59:14.120]   λ_proto = 1.00
──────────────────────────────────────────────────────────────────────
  [TRAIN]  Local accuracy = 47.87%
  [SAVE]  💾 Model saved → local_models/hospital_1_round_1.pt

  [SEND]  📡 Sending 8 prototypes to server  [11:59:34.927]
  ────────────────────────────────────────────────────────────
      class 0 │ norm=9.6393  mean=+0.7639  std=0.9392  min=+0.0000  max=+3.3831
               weights[0:8] → [ +0.0000  +0.9630  +0.0000  +3.3831  +0.0000  +0.0000  +0.0000  +1.5113 ]
      class 1 │ norm=9.2008  mean=+0.7019  std=0.9183  min=+0.0000  max=+3.5673
               weights[0:8] → [ +0.0000  +1.0607  +0.0000  +3.5673  +0.0000  +0.0000  +0.0000  +1.2196 ]
      class 2 │ norm=9.9026  mean=+0.6414  std=1.0671  min=+0.0000  max=+4.4940
               weights[0:8] → [ +0.0000  +1.1905  +0.0000  +4.4940  +0.0000  +0.0000  +0.0000  +0.6816 ]
      class 3 │ norm=9.6174  mean=+0.7674  std=0.9327  min=+0.0000  max=+3.2408
               weights[0:8] → [ +0.0000  +0.9322  +0.0000  +3.2408  +0.0000  +0.0000  +0.0000  +1.5840 ]
      class 4 │ norm=9.6125  mean=+0.6856  std=0.9946  min=+0.0000  max=+4.1074
               weights[0:8] → [ +0.0000  +1.1066  +0.0000  +4.1074  +0.0000  +0.0000  +0.0000  +0.9749 ]
      class 5 │ norm=9.6072  mean=+0.7739  std=0.9255  min=+0.0000  max=+2.9819
               weights[0:8] → [ +0.0000  +0.8879  +0.0000  +2.9819  +0.0000  +0.0000  +0.0000  +1.7038 ]
      class 6 │ norm=9.2709  mean=+0.6655  std=0.9563  min=+0.0000  max=+3.9140
               weights[0:8] → [ +0.0000  +1.0926  +0.0000  +3.9140  +0.0000  +0.0000  +0.0000  +0.9700 ]
      class 7 │ norm=10.7939  mean=+0.5720  std=1.2316  min=+0.0000  max=+5.1197
               weights[0:8] → [ +0.0000  +1.3483  +0.0000  +5.1197  +0.0000  +0.0000  +0.0000  +0.2041 ]
  ────────────────────────────────────────────────────────────

  [RECV]  📥 Received 8 prototypes from server  [11:59:35.135]
  ────────────────────────────────────────────────────────────
      class 0 │ norm=9.6393  mean=+0.7639  std=0.9392  min=+0.0000  max=+3.3831
               weights[0:8] → [ +0.0000  +0.9630  +0.0000  +3.3831  +0.0000  +0.0000  +0.0000  +1.5113 ]
      class 1 │ norm=9.2008  mean=+0.7019  std=0.9183  min=+0.0000  max=+3.5673
               weights[0:8] → [ +0.0000  +1.0607  +0.0000  +3.5673  +0.0000  +0.0000  +0.0000  +1.2196 ]
      class 2 │ norm=9.9026  mean=+0.6414  std=1.0671  min=+0.0000  max=+4.4940
               weights[0:8] → [ +0.0000  +1.1905  +0.0000  +4.4940  +0.0000  +0.0000  +0.0000  +0.6816 ]
      class 3 │ norm=9.6174  mean=+0.7674  std=0.9327  min=+0.0000  max=+3.2408
               weights[0:8] → [ +0.0000  +0.9322  +0.0000  +3.2408  +0.0000  +0.0000  +0.0000  +1.5840 ]
      class 4 │ norm=9.6125  mean=+0.6856  std=0.9946  min=+0.0000  max=+4.1074
               weights[0:8] → [ +0.0000  +1.1066  +0.0000  +4.1074  +0.0000  +0.0000  +0.0000  +0.9749 ]
      class 5 │ norm=9.6072  mean=+0.7739  std=0.9255  min=+0.0000  max=+2.9819
               weights[0:8] → [ +0.0000  +0.8879  +0.0000  +2.9819  +0.0000  +0.0000  +0.0000  +1.7038 ]
      class 6 │ norm=9.2709  mean=+0.6655  std=0.9563  min=+0.0000  max=+3.9140
               weights[0:8] → [ +0.0000  +1.0926  +0.0000  +3.9140  +0.0000  +0.0000  +0.0000  +0.9700 ]
      class 7 │ norm=10.7939  mean=+0.5720  std=1.2316  min=+0.0000  max=+5.1197
               weights[0:8] → [ +0.0000  +1.3483  +0.0000  +5.1197  +0.0000  +0.0000  +0.0000  +0.2041 ]
  ────────────────────────────────────────────────────────────

  [DELTA] Cosine similarity: local_sent vs received
      class 0 │ cosine_sim=1.0000   L2_drift=0.0000
      class 1 │ cosine_sim=1.0000   L2_drift=0.0000
      class 2 │ cosine_sim=1.0000   L2_drift=0.0000
      class 3 │ cosine_sim=1.0000   L2_drift=0.0000
      class 4 │ cosine_sim=1.0000   L2_drift=0.0000
      class 5 │ cosine_sim=1.0000   L2_drift=0.0000
      class 6 │ cosine_sim=1.0000   L2_drift=0.0000
      class 7 │ cosine_sim=1.0000   L2_drift=0.0000

──────────────────────────────────────────────────────────────────────
  ROUND 3/10   [11:59:35.164]   λ_proto = 1.50
──────────────────────────────────────────────────────────────────────
  [TRAIN]  Local accuracy = 53.32%
  [SAVE]  💾 Model saved → local_models/hospital_1_round_2.pt

  [SEND]  📡 Sending 8 prototypes to server  [11:59:59.863]
  ────────────────────────────────────────────────────────────
      class 0 │ norm=9.8873  mean=+0.7997  std=0.9498  min=+0.0000  max=+3.3257
               weights[0:8] → [ +0.0000  +1.0273  +0.0000  +3.3257  +0.0000  +0.0000  +0.0000  +1.5752 ]
      class 1 │ norm=9.2850  mean=+0.7152  std=0.9213  min=+0.0000  max=+3.5134
               weights[0:8] → [ +0.0000  +1.1524  +0.0000  +3.5134  +0.0000  +0.0000  +0.0000  +1.2142 ]
      class 2 │ norm=9.8867  mean=+0.6466  std=1.0615  min=+0.0000  max=+4.3919
               weights[0:8] → [ +0.0000  +1.2243  +0.0000  +4.3919  +0.0000  +0.0000  +0.0000  +0.6648 ]
      class 3 │ norm=9.7746  mean=+0.7924  std=0.9374  min=+0.0000  max=+3.1961
               weights[0:8] → [ +0.0000  +0.9928  +0.0000  +3.1961  +0.0000  +0.0000  +0.0000  +1.6127 ]
      class 4 │ norm=9.6802  mean=+0.7051  std=0.9912  min=+0.0000  max=+4.0191
               weights[0:8] → [ +0.0000  +1.1492  +0.0000  +4.0191  +0.0000  +0.0000  +0.0000  +0.9964 ]
      class 5 │ norm=9.6900  mean=+0.7903  std=0.9251  min=+0.0000  max=+2.9543
               weights[0:8] → [ +0.0000  +0.9517  +0.0000  +2.9543  +0.0000  +0.0000  +0.0000  +1.7020 ]
      class 6 │ norm=9.3058  mean=+0.6720  std=0.9570  min=+0.0000  max=+3.8507
               weights[0:8] → [ +0.0000  +1.1531  +0.0000  +3.8507  +0.0000  +0.0000  +0.0000  +0.9390 ]
      class 7 │ norm=10.7493  mean=+0.5655  std=1.2285  min=+0.0000  max=+4.9942
               weights[0:8] → [ +0.0000  +1.3896  +0.0000  +4.9942  +0.0000  +0.0000  +0.0000  +0.1559 ]
  ────────────────────────────────────────────────────────────

  [RECV]  📥 Received 8 prototypes from server  [12:00:00.195]
  ────────────────────────────────────────────────────────────
      class 0 │ norm=9.8873  mean=+0.7997  std=0.9498  min=+0.0000  max=+3.3257
               weights[0:8] → [ +0.0000  +1.0273  +0.0000  +3.3257  +0.0000  +0.0000  +0.0000  +1.5752 ]
      class 1 │ norm=9.2850  mean=+0.7152  std=0.9213  min=+0.0000  max=+3.5134
               weights[0:8] → [ +0.0000  +1.1524  +0.0000  +3.5134  +0.0000  +0.0000  +0.0000  +1.2142 ]
      class 2 │ norm=9.8867  mean=+0.6466  std=1.0615  min=+0.0000  max=+4.3919
               weights[0:8] → [ +0.0000  +1.2243  +0.0000  +4.3919  +0.0000  +0.0000  +0.0000  +0.6648 ]
      class 3 │ norm=9.7746  mean=+0.7924  std=0.9374  min=+0.0000  max=+3.1961
               weights[0:8] → [ +0.0000  +0.9928  +0.0000  +3.1961  +0.0000  +0.0000  +0.0000  +1.6127 ]
      class 4 │ norm=9.6802  mean=+0.7051  std=0.9912  min=+0.0000  max=+4.0191
               weights[0:8] → [ +0.0000  +1.1492  +0.0000  +4.0191  +0.0000  +0.0000  +0.0000  +0.9964 ]
      class 5 │ norm=9.6900  mean=+0.7903  std=0.9251  min=+0.0000  max=+2.9543
               weights[0:8] → [ +0.0000  +0.9517  +0.0000  +2.9543  +0.0000  +0.0000  +0.0000  +1.7020 ]
      class 6 │ norm=9.3058  mean=+0.6720  std=0.9570  min=+0.0000  max=+3.8507
               weights[0:8] → [ +0.0000  +1.1531  +0.0000  +3.8507  +0.0000  +0.0000  +0.0000  +0.9390 ]
      class 7 │ norm=10.7493  mean=+0.5655  std=1.2285  min=+0.0000  max=+4.9942
               weights[0:8] → [ +0.0000  +1.3896  +0.0000  +4.9942  +0.0000  +0.0000  +0.0000  +0.1559 ]
  ────────────────────────────────────────────────────────────

  [DELTA] Cosine similarity: local_sent vs received
      class 0 │ cosine_sim=1.0000   L2_drift=0.0000
      class 1 │ cosine_sim=1.0000   L2_drift=0.0000
      class 2 │ cosine_sim=1.0000   L2_drift=0.0000
      class 3 │ cosine_sim=1.0000   L2_drift=0.0000
      class 4 │ cosine_sim=1.0000   L2_drift=0.0000
      class 5 │ cosine_sim=1.0000   L2_drift=0.0000
      class 6 │ cosine_sim=1.0000   L2_drift=0.0000
      class 7 │ cosine_sim=1.0000   L2_drift=0.0000

──────────────────────────────────────────────────────────────────────
  ROUND 4/10   [12:00:00.268]   λ_proto = 2.00
──────────────────────────────────────────────────────────────────────
  [TRAIN]  Local accuracy = 57.45%
  [SAVE]  💾 Model saved → local_models/hospital_1_round_3.pt

  [SEND]  📡 Sending 8 prototypes to server  [12:00:27.126]
  ────────────────────────────────────────────────────────────
      class 0 │ norm=10.2046  mean=+0.8299  std=0.9763  min=+0.0000  max=+3.4870
               weights[0:8] → [ +0.0000  +1.0628  +0.0000  +3.4870  +0.0000  +0.0000  +0.0000  +1.6108 ]
      class 1 │ norm=9.6004  mean=+0.7371  std=0.9545  min=+0.0000  max=+3.7022
               weights[0:8] → [ +0.0000  +1.2300  +0.0000  +3.7022  +0.0000  +0.0000  +0.0000  +1.2335 ]
      class 2 │ norm=10.0683  mean=+0.6562  std=1.0824  min=+0.0000  max=+4.5389
               weights[0:8] → [ +0.0000  +1.2047  +0.0000  +4.5389  +0.0000  +0.0000  +0.0000  +0.6691 ]
      class 3 │ norm=10.0281  mean=+0.8147  std=0.9602  min=+0.0000  max=+3.3746
               weights[0:8] → [ +0.0000  +1.0222  +0.0000  +3.3746  +0.0000  +0.0000  +0.0000  +1.6306 ]
      class 4 │ norm=9.9059  mean=+0.7239  std=1.0126  min=+0.0000  max=+4.1659
               weights[0:8] → [ +0.0000  +1.1465  +0.0000  +4.1659  +0.0000  +0.0000  +0.0000  +1.0160 ]
      class 5 │ norm=9.9024  mean=+0.8066  std=0.9463  min=+0.0000  max=+3.1529
               weights[0:8] → [ +0.0000  +0.9870  +0.0000  +3.1529  +0.0000  +0.0000  +0.0000  +1.7075 ]
      class 6 │ norm=9.5608  mean=+0.6863  std=0.9861  min=+0.0000  max=+4.0291
               weights[0:8] → [ +0.0000  +1.1786  +0.0000  +4.0291  +0.0000  +0.0000  +0.0000  +0.9415 ]
      class 7 │ norm=10.9096  mean=+0.5676  std=1.2498  min=+0.0000  max=+5.1358
               weights[0:8] → [ +0.0000  +1.3766  +0.0000  +5.1358  +0.0000  +0.0000  +0.0000  +0.1490 ]
  ────────────────────────────────────────────────────────────

  [RECV]  📥 Received 8 prototypes from server  [12:00:27.234]
  ────────────────────────────────────────────────────────────
      class 0 │ norm=10.2046  mean=+0.8299  std=0.9763  min=+0.0000  max=+3.4870
               weights[0:8] → [ +0.0000  +1.0628  +0.0000  +3.4870  +0.0000  +0.0000  +0.0000  +1.6108 ]
      class 1 │ norm=9.6004  mean=+0.7371  std=0.9545  min=+0.0000  max=+3.7022
               weights[0:8] → [ +0.0000  +1.2300  +0.0000  +3.7022  +0.0000  +0.0000  +0.0000  +1.2335 ]
      class 2 │ norm=10.0683  mean=+0.6562  std=1.0824  min=+0.0000  max=+4.5389
               weights[0:8] → [ +0.0000  +1.2047  +0.0000  +4.5389  +0.0000  +0.0000  +0.0000  +0.6691 ]
      class 3 │ norm=10.0281  mean=+0.8147  std=0.9602  min=+0.0000  max=+3.3746
               weights[0:8] → [ +0.0000  +1.0222  +0.0000  +3.3746  +0.0000  +0.0000  +0.0000  +1.6306 ]
      class 4 │ norm=9.9059  mean=+0.7239  std=1.0126  min=+0.0000  max=+4.1659
               weights[0:8] → [ +0.0000  +1.1465  +0.0000  +4.1659  +0.0000  +0.0000  +0.0000  +1.0160 ]
      class 5 │ norm=9.9024  mean=+0.8066  std=0.9463  min=+0.0000  max=+3.1529
               weights[0:8] → [ +0.0000  +0.9870  +0.0000  +3.1529  +0.0000  +0.0000  +0.0000  +1.7075 ]
      class 6 │ norm=9.5608  mean=+0.6863  std=0.9861  min=+0.0000  max=+4.0291
               weights[0:8] → [ +0.0000  +1.1786  +0.0000  +4.0291  +0.0000  +0.0000  +0.0000  +0.9415 ]
      class 7 │ norm=10.9096  mean=+0.5676  std=1.2498  min=+0.0000  max=+5.1358
               weights[0:8] → [ +0.0000  +1.3766  +0.0000  +5.1358  +0.0000  +0.0000  +0.0000  +0.1490 ]
  ────────────────────────────────────────────────────────────

  [DELTA] Cosine similarity: local_sent vs received
      class 0 │ cosine_sim=1.0000   L2_drift=0.0000
      class 1 │ cosine_sim=1.0000   L2_drift=0.0000
      class 2 │ cosine_sim=1.0000   L2_drift=0.0000
      class 3 │ cosine_sim=1.0000   L2_drift=0.0000
      class 4 │ cosine_sim=1.0000   L2_drift=0.0000
      class 5 │ cosine_sim=1.0000   L2_drift=0.0000
      class 6 │ cosine_sim=1.0000   L2_drift=0.0000
      class 7 │ cosine_sim=1.0000   L2_drift=0.0000

──────────────────────────────────────────────────────────────────────
  ROUND 5/10   [12:00:27.258]   λ_proto = 2.50
──────────────────────────────────────────────────────────────────────
  [TRAIN]  Local accuracy = 63.00%
  [SAVE]  💾 Model saved → local_models/hospital_1_round_4.pt

  [SEND]  📡 Sending 8 prototypes to server  [12:00:50.704]
  ────────────────────────────────────────────────────────────
      class 0 │ norm=10.3644  mean=+0.8550  std=0.9810  min=+0.0000  max=+3.4399
               weights[0:8] → [ +0.0000  +0.9955  +0.0000  +3.4399  +0.0000  +0.0000  +0.0000  +1.6613 ]
      class 1 │ norm=9.7588  mean=+0.7615  std=0.9605  min=+0.0000  max=+3.6608
               weights[0:8] → [ +0.0000  +1.2156  +0.0000  +3.6608  +0.0000  +0.0000  +0.0000  +1.3166 ]
      class 2 │ norm=9.9687  mean=+0.6586  std=1.0662  min=+0.0000  max=+4.4399
               weights[0:8] → [ +0.0000  +1.0974  +0.0000  +4.4399  +0.0000  +0.0000  +0.0000  +0.6936 ]
      class 3 │ norm=10.1396  mean=+0.8331  std=0.9627  min=+0.0000  max=+3.3412
               weights[0:8] → [ +0.0000  +0.9369  +0.0000  +3.3412  +0.0000  +0.0000  +0.0000  +1.6867 ]
      class 4 │ norm=9.8900  mean=+0.7354  std=1.0016  min=+0.0000  max=+4.0820
               weights[0:8] → [ +0.0000  +1.0520  +0.0000  +4.0820  +0.0000  +0.0000  +0.0000  +1.0456 ]
      class 5 │ norm=10.0041  mean=+0.8209  std=0.9508  min=+0.0000  max=+3.1420
               weights[0:8] → [ +0.0000  +0.8953  +0.0000  +3.1420  +0.0000  +0.0000  +0.0000  +1.7748 ]
      class 6 │ norm=9.5791  mean=+0.6969  std=0.9814  min=+0.0000  max=+3.9715
               weights[0:8] → [ +0.0000  +1.1017  +0.0000  +3.9715  +0.0000  +0.0000  +0.0000  +0.9892 ]
      class 7 │ norm=10.7377  mean=+0.5626  std=1.2282  min=+0.0000  max=+5.0099
               weights[0:8] → [ +0.0000  +1.2816  +0.0000  +5.0099  +0.0000  +0.0000  +0.0000  +0.1662 ]
  ────────────────────────────────────────────────────────────

  [RECV]  📥 Received 8 prototypes from server  [12:00:50.819]
  ────────────────────────────────────────────────────────────
      class 0 │ norm=10.3644  mean=+0.8550  std=0.9810  min=+0.0000  max=+3.4399
               weights[0:8] → [ +0.0000  +0.9955  +0.0000  +3.4399  +0.0000  +0.0000  +0.0000  +1.6613 ]
      class 1 │ norm=9.7588  mean=+0.7615  std=0.9605  min=+0.0000  max=+3.6608
               weights[0:8] → [ +0.0000  +1.2156  +0.0000  +3.6608  +0.0000  +0.0000  +0.0000  +1.3166 ]
      class 2 │ norm=9.9687  mean=+0.6586  std=1.0662  min=+0.0000  max=+4.4399
               weights[0:8] → [ +0.0000  +1.0974  +0.0000  +4.4399  +0.0000  +0.0000  +0.0000  +0.6936 ]
      class 3 │ norm=10.1396  mean=+0.8331  std=0.9627  min=+0.0000  max=+3.3412
               weights[0:8] → [ +0.0000  +0.9369  +0.0000  +3.3412  +0.0000  +0.0000  +0.0000  +1.6867 ]
      class 4 │ norm=9.8900  mean=+0.7354  std=1.0016  min=+0.0000  max=+4.0820
               weights[0:8] → [ +0.0000  +1.0520  +0.0000  +4.0820  +0.0000  +0.0000  +0.0000  +1.0456 ]
      class 5 │ norm=10.0041  mean=+0.8209  std=0.9508  min=+0.0000  max=+3.1420
               weights[0:8] → [ +0.0000  +0.8953  +0.0000  +3.1420  +0.0000  +0.0000  +0.0000  +1.7748 ]
      class 6 │ norm=9.5791  mean=+0.6969  std=0.9814  min=+0.0000  max=+3.9715
               weights[0:8] → [ +0.0000  +1.1017  +0.0000  +3.9715  +0.0000  +0.0000  +0.0000  +0.9892 ]
      class 7 │ norm=10.7377  mean=+0.5626  std=1.2282  min=+0.0000  max=+5.0099
               weights[0:8] → [ +0.0000  +1.2816  +0.0000  +5.0099  +0.0000  +0.0000  +0.0000  +0.1662 ]
  ────────────────────────────────────────────────────────────

  [DELTA] Cosine similarity: local_sent vs received
      class 0 │ cosine_sim=1.0000   L2_drift=0.0000
      class 1 │ cosine_sim=1.0000   L2_drift=0.0000
      class 2 │ cosine_sim=1.0000   L2_drift=0.0000
      class 3 │ cosine_sim=1.0000   L2_drift=0.0000
      class 4 │ cosine_sim=1.0000   L2_drift=0.0000
      class 5 │ cosine_sim=1.0000   L2_drift=0.0000
      class 6 │ cosine_sim=1.0000   L2_drift=0.0000
      class 7 │ cosine_sim=1.0000   L2_drift=0.0000

──────────────────────────────────────────────────────────────────────
  ROUND 6/10   [12:00:50.841]   λ_proto = 2.50
──────────────────────────────────────────────────────────────────────
  [TRAIN]  Local accuracy = 68.83%
  [SAVE]  💾 Model saved → local_models/hospital_1_round_5.pt

  [SEND]  📡 Sending 8 prototypes to server  [12:01:14.542]
  ────────────────────────────────────────────────────────────
      class 0 │ norm=10.2716  mean=+0.8602  std=0.9608  min=+0.0000  max=+3.2594
               weights[0:8] → [ +0.0000  +1.0013  +0.0000  +3.2594  +0.0000  +0.0000  +0.0000  +1.7055 ]
      class 1 │ norm=9.6623  mean=+0.7687  std=0.9390  min=+0.0000  max=+3.4726
               weights[0:8] → [ +0.0000  +1.2862  +0.0001  +3.4726  +0.0000  +0.0000  +0.0000  +1.4031 ]
      class 2 │ norm=9.5324  mean=+0.6413  std=1.0122  min=+0.0000  max=+4.1950
               weights[0:8] → [ +0.0000  +1.0824  +0.0001  +4.1950  +0.0000  +0.0000  +0.0000  +0.7197 ]
      class 3 │ norm=9.9891  mean=+0.8317  std=0.9387  min=+0.0000  max=+3.1693
               weights[0:8] → [ +0.0000  +0.9216  +0.0000  +3.1693  +0.0000  +0.0000  +0.0000  +1.7403 ]
      class 4 │ norm=9.5682  mean=+0.7268  std=0.9574  min=+0.0000  max=+3.8585
               weights[0:8] → [ +0.0000  +1.0425  +0.0001  +3.8585  +0.0000  +0.0000  +0.0000  +1.0726 ]
      class 5 │ norm=9.8413  mean=+0.8155  std=0.9283  min=+0.0000  max=+2.9855
               weights[0:8] → [ +0.0000  +0.8667  +0.0000  +2.9855  +0.0000  +0.0000  +0.0000  +1.8432 ]
      class 6 │ norm=9.2766  mean=+0.6880  std=0.9408  min=+0.0000  max=+3.7652
               weights[0:8] → [ +0.0000  +1.1032  +0.0000  +3.7652  +0.0000  +0.0000  +0.0000  +1.0447 ]
      class 7 │ norm=10.1997  mean=+0.5389  std=1.1646  min=+0.0000  max=+4.7321
               weights[0:8] → [ +0.0000  +1.2900  +0.0001  +4.7321  +0.0000  +0.0000  +0.0000  +0.1904 ]
  ────────────────────────────────────────────────────────────

  [RECV]  📥 Received 8 prototypes from server  [12:01:14.725]
  ────────────────────────────────────────────────────────────
      class 0 │ norm=10.2716  mean=+0.8602  std=0.9608  min=+0.0000  max=+3.2594
               weights[0:8] → [ +0.0000  +1.0013  +0.0000  +3.2594  +0.0000  +0.0000  +0.0000  +1.7055 ]
      class 1 │ norm=9.6623  mean=+0.7687  std=0.9390  min=+0.0000  max=+3.4726
               weights[0:8] → [ +0.0000  +1.2862  +0.0001  +3.4726  +0.0000  +0.0000  +0.0000  +1.4031 ]
      class 2 │ norm=9.5324  mean=+0.6413  std=1.0122  min=+0.0000  max=+4.1950
               weights[0:8] → [ +0.0000  +1.0824  +0.0001  +4.1950  +0.0000  +0.0000  +0.0000  +0.7197 ]
      class 3 │ norm=9.9891  mean=+0.8317  std=0.9387  min=+0.0000  max=+3.1693
               weights[0:8] → [ +0.0000  +0.9216  +0.0000  +3.1693  +0.0000  +0.0000  +0.0000  +1.7403 ]
      class 4 │ norm=9.5682  mean=+0.7268  std=0.9574  min=+0.0000  max=+3.8585
               weights[0:8] → [ +0.0000  +1.0425  +0.0001  +3.8585  +0.0000  +0.0000  +0.0000  +1.0726 ]
      class 5 │ norm=9.8413  mean=+0.8155  std=0.9283  min=+0.0000  max=+2.9855
               weights[0:8] → [ +0.0000  +0.8667  +0.0000  +2.9855  +0.0000  +0.0000  +0.0000  +1.8432 ]
      class 6 │ norm=9.2766  mean=+0.6880  std=0.9408  min=+0.0000  max=+3.7652
               weights[0:8] → [ +0.0000  +1.1032  +0.0000  +3.7652  +0.0000  +0.0000  +0.0000  +1.0447 ]
      class 7 │ norm=10.1997  mean=+0.5389  std=1.1646  min=+0.0000  max=+4.7321
               weights[0:8] → [ +0.0000  +1.2900  +0.0001  +4.7321  +0.0000  +0.0000  +0.0000  +0.1904 ]
  ────────────────────────────────────────────────────────────

  [DELTA] Cosine similarity: local_sent vs received
      class 0 │ cosine_sim=1.0000   L2_drift=0.0000
      class 1 │ cosine_sim=1.0000   L2_drift=0.0000
      class 2 │ cosine_sim=1.0000   L2_drift=0.0000
      class 3 │ cosine_sim=1.0000   L2_drift=0.0000
      class 4 │ cosine_sim=1.0000   L2_drift=0.0000
      class 5 │ cosine_sim=1.0000   L2_drift=0.0000
      class 6 │ cosine_sim=1.0000   L2_drift=0.0000
      class 7 │ cosine_sim=1.0000   L2_drift=0.0000

──────────────────────────────────────────────────────────────────────
  ROUND 7/10   [12:01:14.787]   λ_proto = 2.50
──────────────────────────────────────────────────────────────────────
  [TRAIN]  Local accuracy = 71.62%
  [SAVE]  💾 Model saved → local_models/hospital_1_round_6.pt

  [SEND]  📡 Sending 8 prototypes to server  [12:01:38.089]
  ────────────────────────────────────────────────────────────
      class 0 │ norm=10.1031  mean=+0.8388  std=0.9516  min=+0.0000  max=+3.3378
               weights[0:8] → [ +0.0000  +0.8210  +0.0001  +3.3378  +0.0000  +0.0000  +0.0000  +1.6154 ]
      class 1 │ norm=9.5666  mean=+0.7518  std=0.9373  min=+0.0000  max=+3.5692
               weights[0:8] → [ +0.0000  +1.1434  +0.0001  +3.5692  +0.0000  +0.0000  +0.0000  +1.3441 ]
      class 2 │ norm=9.4911  mean=+0.6213  std=1.0187  min=+0.0000  max=+4.2579
               weights[0:8] → [ +0.0000  +0.9165  +0.0001  +4.2579  +0.0000  +0.0000  +0.0000  +0.6739 ]
      class 3 │ norm=9.7670  mean=+0.8023  std=0.9275  min=+0.0000  max=+3.2595
               weights[0:8] → [ +0.0000  +0.7194  +0.0001  +3.2595  +0.0000  +0.0000  +0.0000  +1.6405 ]
      class 4 │ norm=9.4913  mean=+0.7076  std=0.9598  min=+0.0000  max=+3.9218
               weights[0:8] → [ +0.0000  +0.8732  +0.0001  +3.9218  +0.0000  +0.0000  +0.0000  +1.0106 ]
      class 5 │ norm=9.5787  mean=+0.7810  std=0.9147  min=+0.0000  max=+3.0939
               weights[0:8] → [ +0.0000  +0.6374  +0.0001  +3.0939  +0.0000  +0.0000  +0.0000  +1.7370 ]
      class 6 │ norm=9.2092  mean=+0.6644  std=0.9475  min=+0.0000  max=+3.8505
               weights[0:8] → [ +0.0000  +0.9129  +0.0001  +3.8505  +0.0000  +0.0000  +0.0000  +0.9865 ]
      class 7 │ norm=10.1611  mean=+0.5231  std=1.1666  min=+0.0000  max=+4.7881
               weights[0:8] → [ +0.0000  +1.1401  +0.0001  +4.7881  +0.0000  +0.0000  +0.0000  +0.1789 ]
  ────────────────────────────────────────────────────────────

  [RECV]  📥 Received 8 prototypes from server  [12:01:38.268]
  ────────────────────────────────────────────────────────────
      class 0 │ norm=10.1031  mean=+0.8388  std=0.9516  min=+0.0000  max=+3.3378
               weights[0:8] → [ +0.0000  +0.8210  +0.0001  +3.3378  +0.0000  +0.0000  +0.0000  +1.6154 ]
      class 1 │ norm=9.5666  mean=+0.7518  std=0.9373  min=+0.0000  max=+3.5692
               weights[0:8] → [ +0.0000  +1.1434  +0.0001  +3.5692  +0.0000  +0.0000  +0.0000  +1.3441 ]
      class 2 │ norm=9.4911  mean=+0.6213  std=1.0187  min=+0.0000  max=+4.2579
               weights[0:8] → [ +0.0000  +0.9165  +0.0001  +4.2579  +0.0000  +0.0000  +0.0000  +0.6739 ]
      class 3 │ norm=9.7670  mean=+0.8023  std=0.9275  min=+0.0000  max=+3.2595
               weights[0:8] → [ +0.0000  +0.7194  +0.0001  +3.2595  +0.0000  +0.0000  +0.0000  +1.6405 ]
      class 4 │ norm=9.4913  mean=+0.7076  std=0.9598  min=+0.0000  max=+3.9218
               weights[0:8] → [ +0.0000  +0.8732  +0.0001  +3.9218  +0.0000  +0.0000  +0.0000  +1.0106 ]
      class 5 │ norm=9.5787  mean=+0.7810  std=0.9147  min=+0.0000  max=+3.0939
               weights[0:8] → [ +0.0000  +0.6374  +0.0001  +3.0939  +0.0000  +0.0000  +0.0000  +1.7370 ]
      class 6 │ norm=9.2092  mean=+0.6644  std=0.9475  min=+0.0000  max=+3.8505
               weights[0:8] → [ +0.0000  +0.9129  +0.0001  +3.8505  +0.0000  +0.0000  +0.0000  +0.9865 ]
      class 7 │ norm=10.1611  mean=+0.5231  std=1.1666  min=+0.0000  max=+4.7881
               weights[0:8] → [ +0.0000  +1.1401  +0.0001  +4.7881  +0.0000  +0.0000  +0.0000  +0.1789 ]
  ────────────────────────────────────────────────────────────

  [DELTA] Cosine similarity: local_sent vs received
      class 0 │ cosine_sim=1.0000   L2_drift=0.0000
      class 1 │ cosine_sim=1.0000   L2_drift=0.0000
      class 2 │ cosine_sim=1.0000   L2_drift=0.0000
      class 3 │ cosine_sim=1.0000   L2_drift=0.0000
      class 4 │ cosine_sim=1.0000   L2_drift=0.0000
      class 5 │ cosine_sim=1.0000   L2_drift=0.0000
      class 6 │ cosine_sim=1.0000   L2_drift=0.0000
      class 7 │ cosine_sim=1.0000   L2_drift=0.0000

──────────────────────────────────────────────────────────────────────
  ROUND 8/10   [12:01:38.290]   λ_proto = 2.50
──────────────────────────────────────────────────────────────────────
  [TRAIN]  Local accuracy = 73.97%
  [SAVE]  💾 Model saved → local_models/hospital_1_round_7.pt

  [SEND]  📡 Sending 8 prototypes to server  [12:02:01.496]
  ────────────────────────────────────────────────────────────
      class 0 │ norm=10.2751  mean=+0.8573  std=0.9639  min=+0.0000  max=+3.3232
               weights[0:8] → [ +0.0000  +0.8059  +0.0001  +3.3232  +0.0000  +0.0000  +0.0000  +1.6451 ]
      class 1 │ norm=9.8008  mean=+0.7792  std=0.9529  min=+0.0000  max=+3.5561
               weights[0:8] → [ +0.0000  +1.1827  +0.0001  +3.5561  +0.0000  +0.0000  +0.0000  +1.4053 ]
      class 2 │ norm=9.5247  mean=+0.6268  std=1.0202  min=+0.0000  max=+4.2294
               weights[0:8] → [ +0.0000  +0.8901  +0.0001  +4.2294  +0.0000  +0.0000  +0.0000  +0.6950 ]
      class 3 │ norm=9.9197  mean=+0.8179  std=0.9393  min=+0.0000  max=+3.2472
               weights[0:8] → [ +0.0000  +0.6874  +0.0001  +3.2472  +0.0000  +0.0000  +0.0000  +1.6819 ]
      class 4 │ norm=9.5611  mean=+0.7172  std=0.9636  min=+0.0000  max=+3.8972
               weights[0:8] → [ +0.0000  +0.8499  +0.0001  +3.8972  +0.0000  +0.0000  +0.0000  +1.0280 ]
      class 5 │ norm=9.7408  mean=+0.7961  std=0.9286  min=+0.0000  max=+3.0880
               weights[0:8] → [ +0.0000  +0.5884  +0.0001  +3.0880  +0.0000  +0.0000  +0.0000  +1.7911 ]
      class 6 │ norm=9.3080  mean=+0.6773  std=0.9535  min=+0.0000  max=+3.8348
               weights[0:8] → [ +0.0000  +0.8866  +0.0001  +3.8348  +0.0000  +0.0000  +0.0000  +1.0327 ]
      class 7 │ norm=10.1701  mean=+0.5275  std=1.1658  min=+0.0000  max=+4.7560
               weights[0:8] → [ +0.0000  +1.1312  +0.0001  +4.7560  +0.0000  +0.0000  +0.0000  +0.1988 ]
  ────────────────────────────────────────────────────────────

  [RECV]  📥 Received 8 prototypes from server  [12:02:01.656]
  ────────────────────────────────────────────────────────────
      class 0 │ norm=10.2751  mean=+0.8573  std=0.9639  min=+0.0000  max=+3.3232
               weights[0:8] → [ +0.0000  +0.8059  +0.0001  +3.3232  +0.0000  +0.0000  +0.0000  +1.6451 ]
      class 1 │ norm=9.8008  mean=+0.7792  std=0.9529  min=+0.0000  max=+3.5561
               weights[0:8] → [ +0.0000  +1.1827  +0.0001  +3.5561  +0.0000  +0.0000  +0.0000  +1.4053 ]
      class 2 │ norm=9.5247  mean=+0.6268  std=1.0202  min=+0.0000  max=+4.2294
               weights[0:8] → [ +0.0000  +0.8901  +0.0001  +4.2294  +0.0000  +0.0000  +0.0000  +0.6950 ]
      class 3 │ norm=9.9197  mean=+0.8179  std=0.9393  min=+0.0000  max=+3.2472
               weights[0:8] → [ +0.0000  +0.6874  +0.0001  +3.2472  +0.0000  +0.0000  +0.0000  +1.6819 ]
      class 4 │ norm=9.5611  mean=+0.7172  std=0.9636  min=+0.0000  max=+3.8972
               weights[0:8] → [ +0.0000  +0.8499  +0.0001  +3.8972  +0.0000  +0.0000  +0.0000  +1.0280 ]
      class 5 │ norm=9.7408  mean=+0.7961  std=0.9286  min=+0.0000  max=+3.0880
               weights[0:8] → [ +0.0000  +0.5884  +0.0001  +3.0880  +0.0000  +0.0000  +0.0000  +1.7911 ]
      class 6 │ norm=9.3080  mean=+0.6773  std=0.9535  min=+0.0000  max=+3.8348
               weights[0:8] → [ +0.0000  +0.8866  +0.0001  +3.8348  +0.0000  +0.0000  +0.0000  +1.0327 ]
      class 7 │ norm=10.1701  mean=+0.5275  std=1.1658  min=+0.0000  max=+4.7560
               weights[0:8] → [ +0.0000  +1.1312  +0.0001  +4.7560  +0.0000  +0.0000  +0.0000  +0.1988 ]
  ────────────────────────────────────────────────────────────

  [DELTA] Cosine similarity: local_sent vs received
      class 0 │ cosine_sim=1.0000   L2_drift=0.0000
      class 1 │ cosine_sim=1.0000   L2_drift=0.0000
      class 2 │ cosine_sim=1.0000   L2_drift=0.0000
      class 3 │ cosine_sim=1.0000   L2_drift=0.0000
      class 4 │ cosine_sim=1.0000   L2_drift=0.0000
      class 5 │ cosine_sim=1.0000   L2_drift=0.0000
      class 6 │ cosine_sim=1.0000   L2_drift=0.0000
      class 7 │ cosine_sim=1.0000   L2_drift=0.0000

──────────────────────────────────────────────────────────────────────
  ROUND 9/10   [12:02:01.700]   λ_proto = 2.50
──────────────────────────────────────────────────────────────────────
  [TRAIN]  Local accuracy = 75.65%
  [SAVE]  💾 Model saved → local_models/hospital_1_round_8.pt

  [SEND]  📡 Sending 8 prototypes to server  [12:02:24.869]
  ────────────────────────────────────────────────────────────
      class 0 │ norm=10.4551  mean=+0.8717  std=0.9814  min=+0.0000  max=+3.4054
               weights[0:8] → [ +0.0000  +0.8309  +0.0000  +3.4054  +0.0000  +0.0000  +0.0000  +1.6628 ]
      class 1 │ norm=10.0846  mean=+0.8008  std=0.9812  min=+0.0000  max=+3.6517
               weights[0:8] → [ +0.0000  +1.2566  +0.0000  +3.6517  +0.0000  +0.0000  +0.0000  +1.4421 ]
      class 2 │ norm=9.7277  mean=+0.6371  std=1.0439  min=+0.0000  max=+4.3031
               weights[0:8] → [ +0.0000  +0.9022  +0.0001  +4.3031  +0.0000  +0.0000  +0.0000  +0.7090 ]
      class 3 │ norm=10.0979  mean=+0.8294  std=0.9590  min=+0.0000  max=+3.3410
               weights[0:8] → [ +0.0000  +0.6966  +0.0000  +3.3410  +0.0000  +0.0000  +0.0000  +1.7045 ]
      class 4 │ norm=9.7479  mean=+0.7287  std=0.9843  min=+0.0000  max=+3.9692
               weights[0:8] → [ +0.0000  +0.8655  +0.0000  +3.9692  +0.0000  +0.0000  +0.0000  +1.0385 ]
      class 5 │ norm=9.9409  mean=+0.8077  std=0.9517  min=+0.0000  max=+3.1993
               weights[0:8] → [ +0.0000  +0.5914  +0.0000  +3.1993  +0.0000  +0.0000  +0.0000  +1.8217 ]
      class 6 │ norm=9.5452  mean=+0.6903  std=0.9809  min=+0.0000  max=+3.9251
               weights[0:8] → [ +0.0000  +0.9006  +0.0000  +3.9251  +0.0000  +0.0000  +0.0000  +1.0625 ]
      class 7 │ norm=10.3759  mean=+0.5397  std=1.1887  min=+0.0000  max=+4.8260
               weights[0:8] → [ +0.0000  +1.1583  +0.0001  +4.8260  +0.0000  +0.0000  +0.0000  +0.2144 ]
  ────────────────────────────────────────────────────────────

  [RECV]  📥 Received 8 prototypes from server  [12:02:25.006]
  ────────────────────────────────────────────────────────────
      class 0 │ norm=10.4551  mean=+0.8717  std=0.9814  min=+0.0000  max=+3.4054
               weights[0:8] → [ +0.0000  +0.8309  +0.0000  +3.4054  +0.0000  +0.0000  +0.0000  +1.6628 ]
      class 1 │ norm=10.0846  mean=+0.8008  std=0.9812  min=+0.0000  max=+3.6517
               weights[0:8] → [ +0.0000  +1.2566  +0.0000  +3.6517  +0.0000  +0.0000  +0.0000  +1.4421 ]
      class 2 │ norm=9.7277  mean=+0.6371  std=1.0439  min=+0.0000  max=+4.3031
               weights[0:8] → [ +0.0000  +0.9022  +0.0001  +4.3031  +0.0000  +0.0000  +0.0000  +0.7090 ]
      class 3 │ norm=10.0979  mean=+0.8294  std=0.9590  min=+0.0000  max=+3.3410
               weights[0:8] → [ +0.0000  +0.6966  +0.0000  +3.3410  +0.0000  +0.0000  +0.0000  +1.7045 ]
      class 4 │ norm=9.7479  mean=+0.7287  std=0.9843  min=+0.0000  max=+3.9692
               weights[0:8] → [ +0.0000  +0.8655  +0.0000  +3.9692  +0.0000  +0.0000  +0.0000  +1.0385 ]
      class 5 │ norm=9.9409  mean=+0.8077  std=0.9517  min=+0.0000  max=+3.1993
               weights[0:8] → [ +0.0000  +0.5914  +0.0000  +3.1993  +0.0000  +0.0000  +0.0000  +1.8217 ]
      class 6 │ norm=9.5452  mean=+0.6903  std=0.9809  min=+0.0000  max=+3.9251
               weights[0:8] → [ +0.0000  +0.9006  +0.0000  +3.9251  +0.0000  +0.0000  +0.0000  +1.0625 ]
      class 7 │ norm=10.3759  mean=+0.5397  std=1.1887  min=+0.0000  max=+4.8260
               weights[0:8] → [ +0.0000  +1.1583  +0.0001  +4.8260  +0.0000  +0.0000  +0.0000  +0.2144 ]
  ────────────────────────────────────────────────────────────

  [DELTA] Cosine similarity: local_sent vs received
      class 0 │ cosine_sim=1.0000   L2_drift=0.0000
      class 1 │ cosine_sim=1.0000   L2_drift=0.0000
      class 2 │ cosine_sim=1.0000   L2_drift=0.0000
      class 3 │ cosine_sim=1.0000   L2_drift=0.0000
      class 4 │ cosine_sim=1.0000   L2_drift=0.0000
      class 5 │ cosine_sim=1.0000   L2_drift=0.0000
      class 6 │ cosine_sim=1.0000   L2_drift=0.0000
      class 7 │ cosine_sim=1.0000   L2_drift=0.0000

──────────────────────────────────────────────────────────────────────
  ROUND 10/10   [12:02:25.032]   λ_proto = 2.50
──────────────────────────────────────────────────────────────────────
  [TRAIN]  Local accuracy = 75.54%
  [SAVE]  💾 Model saved → local_models/hospital_1_round_9.pt

  [SEND]  📡 Sending 8 prototypes to server  [12:02:44.679]
  ────────────────────────────────────────────────────────────
      class 0 │ norm=10.5439  mean=+0.8885  std=0.9812  min=+0.0000  max=+3.3319
               weights[0:8] → [ +0.0000  +0.9147  +0.0001  +3.3319  +0.0000  +0.0000  +0.0000  +1.6725 ]
      class 1 │ norm=10.2198  mean=+0.8211  std=0.9864  min=+0.0000  max=+3.5747
               weights[0:8] → [ +0.0000  +1.3928  +0.0001  +3.5747  +0.0000  +0.0000  +0.0000  +1.4612 ]
      class 2 │ norm=9.5984  mean=+0.6400  std=1.0229  min=+0.0000  max=+4.1961
               weights[0:8] → [ +0.0000  +0.9811  +0.0001  +4.1961  +0.0000  +0.0000  +0.0000  +0.7072 ]
      class 3 │ norm=10.1564  mean=+0.8435  std=0.9563  min=+0.0000  max=+3.2752
               weights[0:8] → [ +0.0000  +0.7692  +0.0001  +3.2752  +0.0000  +0.0000  +0.0000  +1.7155 ]
      class 4 │ norm=9.6865  mean=+0.7365  std=0.9686  min=+0.0000  max=+3.8724
               weights[0:8] → [ +0.0000  +0.9440  +0.0001  +3.8724  +0.0000  +0.0000  +0.0000  +1.0380 ]
      class 5 │ norm=10.0107  mean=+0.8219  std=0.9510  min=+0.0000  max=+3.1857
               weights[0:8] → [ +0.0000  +0.6568  +0.0001  +3.1476  +0.0000  +0.0000  +0.0000  +1.8329 ]
      class 6 │ norm=9.5063  mean=+0.6993  std=0.9683  min=+0.0000  max=+3.8414
               weights[0:8] → [ +0.0000  +0.9908  +0.0001  +3.8414  +0.0000  +0.0000  +0.0000  +1.0644 ]
      class 7 │ norm=10.2141  mean=+0.5394  std=1.1664  min=+0.0000  max=+4.7021
               weights[0:8] → [ +0.0000  +1.2575  +0.0001  +4.7021  +0.0000  +0.0000  +0.0000  +0.2117 ]
  ────────────────────────────────────────────────────────────

  [RECV]  📥 Received 8 prototypes from server  [12:02:44.769]
  ────────────────────────────────────────────────────────────
      class 0 │ norm=10.5439  mean=+0.8885  std=0.9812  min=+0.0000  max=+3.3319
               weights[0:8] → [ +0.0000  +0.9147  +0.0001  +3.3319  +0.0000  +0.0000  +0.0000  +1.6725 ]
      class 1 │ norm=10.2198  mean=+0.8211  std=0.9864  min=+0.0000  max=+3.5747
               weights[0:8] → [ +0.0000  +1.3928  +0.0001  +3.5747  +0.0000  +0.0000  +0.0000  +1.4612 ]
      class 2 │ norm=9.5984  mean=+0.6400  std=1.0229  min=+0.0000  max=+4.1961
               weights[0:8] → [ +0.0000  +0.9811  +0.0001  +4.1961  +0.0000  +0.0000  +0.0000  +0.7072 ]
      class 3 │ norm=10.1564  mean=+0.8435  std=0.9563  min=+0.0000  max=+3.2752
               weights[0:8] → [ +0.0000  +0.7692  +0.0001  +3.2752  +0.0000  +0.0000  +0.0000  +1.7155 ]
      class 4 │ norm=9.6865  mean=+0.7365  std=0.9686  min=+0.0000  max=+3.8724
               weights[0:8] → [ +0.0000  +0.9440  +0.0001  +3.8724  +0.0000  +0.0000  +0.0000  +1.0380 ]
      class 5 │ norm=10.0107  mean=+0.8219  std=0.9510  min=+0.0000  max=+3.1857
               weights[0:8] → [ +0.0000  +0.6568  +0.0001  +3.1476  +0.0000  +0.0000  +0.0000  +1.8329 ]
      class 6 │ norm=9.5063  mean=+0.6993  std=0.9683  min=+0.0000  max=+3.8414
               weights[0:8] → [ +0.0000  +0.9908  +0.0001  +3.8414  +0.0000  +0.0000  +0.0000  +1.0644 ]
      class 7 │ norm=10.2141  mean=+0.5394  std=1.1664  min=+0.0000  max=+4.7021
               weights[0:8] → [ +0.0000  +1.2575  +0.0001  +4.7021  +0.0000  +0.0000  +0.0000  +0.2117 ]
  ────────────────────────────────────────────────────────────

  [DELTA] Cosine similarity: local_sent vs received
      class 0 │ cosine_sim=1.0000   L2_drift=0.0000
      class 1 │ cosine_sim=1.0000   L2_drift=0.0000
      class 2 │ cosine_sim=1.0000   L2_drift=0.0000
      class 3 │ cosine_sim=1.0000   L2_drift=0.0000
      class 4 │ cosine_sim=1.0000   L2_drift=0.0000
      class 5 │ cosine_sim=1.0000   L2_drift=0.0000
      class 6 │ cosine_sim=1.0000   L2_drift=0.0000
      class 7 │ cosine_sim=1.0000   L2_drift=0.0000

======================================================================
  hospital_1 — TRAINING COMPLETE   [12:02:44.794]
======================================================================

