======================================================================
  HOSPITAL LOG — hospital_3   started at 2026-04-11 11:59:16
======================================================================

──────────────────────────────────────────────────────────────────────
  ROUND 1/10   [11:59:18.926]   λ_proto = 0.50
──────────────────────────────────────────────────────────────────────
  [TRAIN]  Local accuracy = 42.71%
  [SAVE]  💾 Model saved → local_models/hospital_3_round_0.pt

  [SEND]  📡 Sending 8 prototypes to server  [11:59:38.722]
  ────────────────────────────────────────────────────────────
      class 0 │ norm=7.8388  mean=+0.6219  std=0.7632  min=+0.0000  max=+2.6804
               weights[0:8] → [ +0.0000  +1.2637  +0.8877  +0.0000  +1.1498  +0.1557  +0.8745  +0.4616 ]
      class 1 │ norm=7.7447  mean=+0.6028  std=0.7635  min=+0.0000  max=+2.8348
               weights[0:8] → [ +0.0000  +1.1334  +0.9496  +0.0000  +1.0448  +0.1527  +0.7744  +0.4907 ]
      class 2 │ norm=8.2448  mean=+0.5798  std=0.8588  min=+0.0000  max=+3.4059
               weights[0:8] → [ +0.0000  +0.7673  +1.1155  +0.0000  +0.7519  +0.0778  +0.5198  +0.5631 ]
      class 3 │ norm=7.8572  mean=+0.6289  std=0.7603  min=+0.0000  max=+2.5741
               weights[0:8] → [ +0.0000  +1.3410  +0.8499  +0.0000  +1.2129  +0.1632  +0.9313  +0.4485 ]
      class 4 │ norm=8.0467  mean=+0.5966  std=0.8162  min=+0.0000  max=+3.1622
               weights[0:8] → [ +0.0000  +0.9420  +1.0380  +0.0000  +0.8927  +0.1021  +0.6446  +0.5268 ]
      class 5 │ norm=7.8813  mean=+0.6367  std=0.7577  min=+0.0000  max=+2.3864
               weights[0:8] → [ +0.0000  +1.4620  +0.7899  +0.0000  +1.3116  +0.1807  +1.0166  +0.4272 ]
      class 6 │ norm=7.8770  mean=+0.5932  std=0.7921  min=+0.0000  max=+3.0486
               weights[0:8] → [ +0.0000  +0.9894  +1.0071  +0.0000  +0.9348  +0.1176  +0.6707  +0.5179 ]
      class 7 │ norm=8.9282  mean=+0.5512  std=0.9781  min=+0.0000  max=+3.9013
               weights[0:8] → [ +0.0000  +0.4347  +1.2795  +0.0000  +0.4870  +0.0426  +0.2742  +0.6370 ]
  ────────────────────────────────────────────────────────────

  [RECV]  📥 Received 8 prototypes from server  [11:59:38.860]
  ────────────────────────────────────────────────────────────
      class 0 │ norm=5.7018  mean=+0.5734  std=0.4267  min=+0.0000  max=+1.6175
               weights[0:8] → [ +0.6735  +0.6318  +0.9714  +1.0241  +1.0997  +0.8086  +0.4373  +0.5643 ]
      class 1 │ norm=5.6142  mean=+0.5591  std=0.4276  min=+0.0000  max=+1.7063
               weights[0:8] → [ +0.7146  +0.5667  +1.0325  +1.0661  +0.9922  +0.7481  +0.3872  +0.5882 ]
      class 2 │ norm=8.2448  mean=+0.5798  std=0.8588  min=+0.0000  max=+3.4059
               weights[0:8] → [ +0.0000  +0.7673  +1.1155  +0.0000  +0.7519  +0.0778  +0.5198  +0.5631 ]
      class 3 │ norm=5.7358  mean=+0.5786  std=0.4268  min=+0.0000  max=+1.5613
               weights[0:8] → [ +0.6357  +0.6705  +0.9211  +0.9665  +1.1773  +0.8619  +0.4657  +0.5544 ]
      class 4 │ norm=5.7467  mean=+0.5560  std=0.4585  min=+0.0000  max=+1.8859
               weights[0:8] → [ +0.7905  +0.4710  +1.1428  +1.2235  +0.8427  +0.6207  +0.3223  +0.6055 ]
      class 5 │ norm=7.8813  mean=+0.6367  std=0.7577  min=+0.0000  max=+2.3864
               weights[0:8] → [ +0.0000  +1.4620  +0.7899  +0.0000  +1.3116  +0.1807  +1.0166  +0.4272 ]
      class 6 │ norm=5.6532  mean=+0.5526  std=0.4439  min=+0.0000  max=+1.8212
               weights[0:8] → [ +0.7626  +0.4947  +1.1020  +1.1696  +0.8836  +0.6565  +0.3353  +0.6018 ]
      class 7 │ norm=6.1879  mean=+0.5244  std=0.5730  min=+0.0000  max=+2.3002
               weights[0:8] → [ +0.9737  +0.2174  +1.4116  +1.5243  +0.4277  +0.3333  +0.1371  +0.6824 ]
  ────────────────────────────────────────────────────────────

  [DELTA] Cosine similarity: local_sent vs received
      class 0 │ cosine_sim=0.8477   L2_drift=4.2639
      class 1 │ cosine_sim=0.8450   L2_drift=4.2446
      class 2 │ cosine_sim=1.0000   L2_drift=0.0000
      class 3 │ cosine_sim=0.8496   L2_drift=4.2493
      class 4 │ cosine_sim=0.8386   L2_drift=4.4958
      class 5 │ cosine_sim=1.0000   L2_drift=0.0000
      class 6 │ cosine_sim=0.8402   L2_drift=4.3794
      class 7 │ cosine_sim=0.8236   L2_drift=5.1958

──────────────────────────────────────────────────────────────────────
  ROUND 2/10   [11:59:38.914]   λ_proto = 1.00
──────────────────────────────────────────────────────────────────────
  [TRAIN]  Local accuracy = 50.16%
  [SAVE]  💾 Model saved → local_models/hospital_3_round_1.pt

  [SEND]  📡 Sending 8 prototypes to server  [12:00:06.734]
  ────────────────────────────────────────────────────────────
      class 0 │ norm=6.5745  mean=+0.5806  std=0.5863  min=+0.0000  max=+1.8183
               weights[0:8] → [ +0.7423  +1.0894  +1.0285  +0.0000  +1.4042  +0.7090  +0.7606  +0.7555 ]
      class 1 │ norm=5.9338  mean=+0.5199  std=0.5332  min=+0.0000  max=+1.8813
               weights[0:8] → [ +0.6663  +0.8752  +1.1214  +0.0000  +1.2095  +0.6743  +0.5834  +0.8138 ]
      class 2 │ norm=6.0427  mean=+0.4714  std=0.5948  min=+0.0000  max=+2.4189
               weights[0:8] → [ +0.5037  +0.4843  +1.2853  +0.0000  +0.7544  +0.3781  +0.3340  +0.8931 ]
      class 3 │ norm=6.6323  mean=+0.5848  std=0.5923  min=+0.0000  max=+1.9077
               weights[0:8] → [ +0.7685  +1.1424  +0.9771  +0.0000  +1.4980  +0.7450  +0.7922  +0.7384 ]
      class 4 │ norm=6.1243  mean=+0.5139  std=0.5719  min=+0.0000  max=+2.2263
               weights[0:8] → [ +0.5897  +0.7024  +1.1981  +0.0000  +0.9830  +0.4889  +0.4906  +0.8437 ]
      class 5 │ norm=6.7610  mean=+0.5915  std=0.6084  min=+0.0000  max=+2.0749
               weights[0:8] → [ +0.8103  +1.2300  +0.9014  +0.0000  +1.6358  +0.8130  +0.8464  +0.7125 ]
      class 6 │ norm=5.7939  mean=+0.4875  std=0.5398  min=+0.0000  max=+2.1027
               weights[0:8] → [ +0.5838  +0.6574  +1.1746  +0.0000  +0.9969  +0.5330  +0.4436  +0.8447 ]
      class 7 │ norm=6.5463  mean=+0.4048  std=0.7168  min=+0.0000  max=+2.8482
               weights[0:8] → [ +0.3385  +0.1068  +1.4854  +0.0000  +0.3131  +0.1957  +0.0660  +1.0042 ]
  ────────────────────────────────────────────────────────────

  [RECV]  📥 Received 8 prototypes from server  [12:00:06.951]
  ────────────────────────────────────────────────────────────
      class 0 │ norm=5.9167  mean=+0.5926  std=0.4460  min=+0.0000  max=+1.6672
               weights[0:8] → [ +1.0705  +0.5447  +1.0858  +1.0632  +1.3571  +1.2804  +0.3803  +0.7014 ]
      class 1 │ norm=5.4592  mean=+0.5432  std=0.4163  min=+0.0000  max=+1.5150
               weights[0:8] → [ +1.0799  +0.4376  +1.1653  +1.0791  +1.1356  +1.1373  +0.2917  +0.7597 ]
      class 2 │ norm=6.0427  mean=+0.4714  std=0.5948  min=+0.0000  max=+2.4189
               weights[0:8] → [ +0.5037  +0.4843  +1.2853  +0.0000  +0.7544  +0.3781  +0.3340  +0.8931 ]
      class 3 │ norm=6.0074  mean=+0.5982  std=0.4575  min=+0.0000  max=+1.7910
               weights[0:8] → [ +1.0390  +0.5712  +1.0172  +0.9845  +1.4653  +1.3747  +0.3961  +0.6792 ]
      class 4 │ norm=5.5106  mean=+0.5384  std=0.4331  min=+0.0000  max=+1.5564
               weights[0:8] → [ +1.1173  +0.3512  +1.2832  +1.2958  +0.9422  +0.8965  +0.2453  +0.7757 ]
      class 5 │ norm=6.7610  mean=+0.5915  std=0.6084  min=+0.0000  max=+2.0749
               weights[0:8] → [ +0.8103  +1.2300  +0.9014  +0.0000  +1.6358  +0.8130  +0.8464  +0.7125 ]
      class 6 │ norm=5.2856  mean=+0.5155  std=0.4165  min=+0.0000  max=+1.4971
               weights[0:8] → [ +1.0898  +0.3287  +1.2433  +1.2293  +0.9273  +0.9125  +0.2218  +0.7773 ]
      class 7 │ norm=5.6354  mean=+0.4469  std=0.5488  min=+0.0000  max=+1.9284
               weights[0:8] → [ +1.1925  +0.0534  +1.6078  +1.6478  +0.2547  +0.2948  +0.0330  +0.9204 ]
  ────────────────────────────────────────────────────────────

  [DELTA] Cosine similarity: local_sent vs received
      class 0 │ cosine_sim=0.8430   L2_drift=3.5561
      class 1 │ cosine_sim=0.8373   L2_drift=3.2808
      class 2 │ cosine_sim=1.0000   L2_drift=0.0000
      class 3 │ cosine_sim=0.8448   L2_drift=3.5722
      class 4 │ cosine_sim=0.8192   L2_drift=3.5472
      class 5 │ cosine_sim=1.0000   L2_drift=0.0000
      class 6 │ cosine_sim=0.8208   L2_drift=3.3519
      class 7 │ cosine_sim=0.7684   L2_drift=4.2327

──────────────────────────────────────────────────────────────────────
  ROUND 3/10   [12:00:06.985]   λ_proto = 1.50
──────────────────────────────────────────────────────────────────────
  [TRAIN]  Local accuracy = 55.10%
  [SAVE]  💾 Model saved → local_models/hospital_3_round_2.pt

  [SEND]  📡 Sending 8 prototypes to server  [12:00:32.681]
  ────────────────────────────────────────────────────────────
      class 0 │ norm=6.0660  mean=+0.5447  std=0.5317  min=+0.0000  max=+1.8052
               weights[0:8] → [ +1.1171  +0.8809  +1.1633  +0.0000  +1.4093  +1.0406  +0.6042  +0.7349 ]
      class 1 │ norm=5.3426  mean=+0.4776  std=0.4705  min=+0.0000  max=+1.5068
               weights[0:8] → [ +1.0565  +0.7126  +1.3055  +0.0000  +1.2114  +1.0231  +0.4145  +0.8278 ]
      class 2 │ norm=5.2466  mean=+0.4285  std=0.5004  min=+0.0000  max=+1.9951
               weights[0:8] → [ +0.9001  +0.3614  +1.4337  +0.0000  +0.6817  +0.5027  +0.2455  +0.8743 ]
      class 3 │ norm=6.0374  mean=+0.5382  std=0.5333  min=+0.0000  max=+1.8810
               weights[0:8] → [ +1.1196  +0.8911  +1.1085  +0.0000  +1.4958  +1.0873  +0.5975  +0.7219 ]
      class 4 │ norm=5.4394  mean=+0.4755  std=0.4899  min=+0.0000  max=+1.8253
               weights[0:8] → [ +0.9812  +0.5559  +1.3368  +0.0000  +0.9383  +0.6804  +0.3871  +0.8190 ]
      class 5 │ norm=6.0909  mean=+0.5351  std=0.5458  min=+0.0000  max=+2.0156
               weights[0:8] → [ +1.1418  +0.9424  +1.0275  +0.0000  +1.6319  +1.1833  +0.6130  +0.7007 ]
      class 6 │ norm=5.1027  mean=+0.4425  std=0.4630  min=+0.0000  max=+1.7194
               weights[0:8] → [ +0.9632  +0.4998  +1.3355  +0.0000  +0.9403  +0.7476  +0.3151  +0.8418 ]
      class 7 │ norm=5.6319  mean=+0.3647  std=0.6069  min=+0.0000  max=+2.3726
               weights[0:8] → [ +0.7715  +0.0714  +1.6591  +0.0000  +0.2196  +0.2230  +0.0336  +0.9934 ]
  ────────────────────────────────────────────────────────────

  [RECV]  📥 Received 8 prototypes from server  [12:00:32.823]
  ────────────────────────────────────────────────────────────
      class 0 │ norm=6.1241  mean=+0.5942  std=0.4864  min=+0.0000  max=+1.8506
               weights[0:8] → [ +0.9290  +0.4404  +1.1087  +0.5418  +1.4438  +1.1855  +0.4414  +0.6680 ]
      class 1 │ norm=5.5348  mean=+0.5314  std=0.4466  min=+0.0000  max=+1.6936
               weights[0:8] → [ +0.9402  +0.3563  +1.2273  +0.5316  +1.1622  +1.0327  +0.3439  +0.7628 ]
      class 2 │ norm=5.2466  mean=+0.4285  std=0.5004  min=+0.0000  max=+1.9951
               weights[0:8] → [ +0.9001  +0.3614  +1.4337  +0.0000  +0.6817  +0.5027  +0.2455  +0.8743 ]
      class 3 │ norm=6.1360  mean=+0.5918  std=0.4918  min=+0.0000  max=+1.9436
               weights[0:8] → [ +0.9009  +0.4456  +1.0434  +0.4880  +1.5368  +1.2427  +0.4257  +0.6453 ]
      class 4 │ norm=5.6087  mean=+0.5316  std=0.4607  min=+0.0000  max=+1.8863
               weights[0:8] → [ +0.9301  +0.2779  +1.2920  +0.6929  +0.9712  +0.7833  +0.3659  +0.7333 ]
      class 5 │ norm=6.0909  mean=+0.5351  std=0.5458  min=+0.0000  max=+2.0156
               weights[0:8] → [ +1.1418  +0.9424  +1.0275  +0.0000  +1.6319  +1.1833  +0.6130  +0.7007 ]
      class 6 │ norm=5.3157  mean=+0.4989  std=0.4423  min=+0.0000  max=+1.8306
               weights[0:8] → [ +0.9105  +0.2499  +1.2753  +0.6448  +0.9147  +0.7678  +0.3162  +0.7541 ]
      class 7 │ norm=5.6558  mean=+0.4255  std=0.5690  min=+0.0000  max=+2.3584
               weights[0:8] → [ +0.9482  +0.0357  +1.6193  +0.9235  +0.1867  +0.1753  +0.2342  +0.8886 ]
  ────────────────────────────────────────────────────────────

  [DELTA] Cosine similarity: local_sent vs received
      class 0 │ cosine_sim=0.9534   L2_drift=1.8607
      class 1 │ cosine_sim=0.9579   L2_drift=1.5893
      class 2 │ cosine_sim=1.0000   L2_drift=0.0000
      class 3 │ cosine_sim=0.9518   L2_drift=1.8926
      class 4 │ cosine_sim=0.9585   L2_drift=1.6001
      class 5 │ cosine_sim=1.0000   L2_drift=0.0000
      class 6 │ cosine_sim=0.9597   L2_drift=1.4947
      class 7 │ cosine_sim=0.9320   L2_drift=2.0812

──────────────────────────────────────────────────────────────────────
  ROUND 4/10   [12:00:32.861]   λ_proto = 2.00
──────────────────────────────────────────────────────────────────────
  [TRAIN]  Local accuracy = 58.08%
  [SAVE]  💾 Model saved → local_models/hospital_3_round_3.pt

  [SEND]  📡 Sending 8 prototypes to server  [12:00:56.278]
  ────────────────────────────────────────────────────────────
      class 0 │ norm=6.4708  mean=+0.5799  std=0.5683  min=+0.0000  max=+1.9554
               weights[0:8] → [ +0.9760  +0.6952  +1.2041  +0.0000  +1.4412  +1.0809  +0.6372  +0.7410 ]
      class 1 │ norm=5.8563  mean=+0.5246  std=0.5146  min=+0.0000  max=+1.6694
               weights[0:8] → [ +0.9527  +0.6864  +1.4014  +0.0000  +1.3081  +1.1851  +0.4584  +0.8744 ]
      class 2 │ norm=5.5973  mean=+0.4472  std=0.5424  min=+0.0000  max=+2.1917
               weights[0:8] → [ +0.7640  +0.2532  +1.4607  +0.0000  +0.6704  +0.4842  +0.2487  +0.8475 ]
      class 3 │ norm=6.3908  mean=+0.5695  std=0.5646  min=+0.0000  max=+1.9995
               weights[0:8] → [ +0.9629  +0.6933  +1.1440  +0.0000  +1.5226  +1.1122  +0.6263  +0.7354 ]
      class 4 │ norm=5.7926  mean=+0.4993  std=0.5285  min=+0.0000  max=+2.0072
               weights[0:8] → [ +0.8419  +0.4117  +1.3633  +0.0000  +0.9342  +0.6746  +0.4006  +0.7972 ]
      class 5 │ norm=6.4046  mean=+0.5652  std=0.5714  min=+0.0000  max=+2.0990
               weights[0:8] → [ +0.9760  +0.7413  +1.0604  +0.0000  +1.6604  +1.2113  +0.6438  +0.7292 ]
      class 6 │ norm=5.4810  mean=+0.4704  std=0.5020  min=+0.0000  max=+1.9093
               weights[0:8] → [ +0.8356  +0.4014  +1.3870  +0.0000  +0.9689  +0.7933  +0.3252  +0.8516 ]
      class 7 │ norm=6.0688  mean=+0.3829  std=0.6600  min=+0.0000  max=+2.5956
               weights[0:8] → [ +0.6662  +0.0647  +1.7032  +0.0000  +0.2169  +0.2416  +0.0346  +0.9638 ]
  ────────────────────────────────────────────────────────────

  [RECV]  📥 Received 8 prototypes from server  [12:00:56.453]
  ────────────────────────────────────────────────────────────
      class 0 │ norm=6.4213  mean=+0.5933  std=0.5449  min=+0.0000  max=+1.9349
               weights[0:8] → [ +0.9171  +0.3476  +1.2040  +0.1673  +1.5397  +1.1923  +0.5324  +0.7454 ]
      class 1 │ norm=5.8326  mean=+0.5337  std=0.5006  min=+0.0000  max=+1.8232
               weights[0:8] → [ +1.0049  +0.3432  +1.4031  +0.1534  +1.2003  +1.1172  +0.4339  +0.9208 ]
      class 2 │ norm=5.5973  mean=+0.4472  std=0.5424  min=+0.0000  max=+2.1917
               weights[0:8] → [ +0.7640  +0.2532  +1.4607  +0.0000  +0.6704  +0.4842  +0.2487  +0.8475 ]
      class 3 │ norm=6.3609  mean=+0.5836  std=0.5443  min=+0.0000  max=+1.9879
               weights[0:8] → [ +0.8822  +0.3466  +1.1290  +0.1478  +1.6011  +1.2124  +0.5103  +0.7214 ]
      class 4 │ norm=5.7391  mean=+0.5148  std=0.5035  min=+0.0000  max=+1.9739
               weights[0:8] → [ +0.8694  +0.2058  +1.3682  +0.2353  +1.0242  +0.7662  +0.4700  +0.7641 ]
      class 5 │ norm=6.4046  mean=+0.5652  std=0.5714  min=+0.0000  max=+2.0990
               weights[0:8] → [ +0.9760  +0.7413  +1.0604  +0.0000  +1.6604  +1.2113  +0.6438  +0.7292 ]
      class 6 │ norm=5.4426  mean=+0.4808  std=0.4851  min=+0.0000  max=+1.9364
               weights[0:8] → [ +0.8839  +0.2007  +1.3744  +0.2184  +0.9330  +0.7658  +0.4143  +0.8246 ]
      class 7 │ norm=5.7409  mean=+0.3908  std=0.6066  min=+0.0000  max=+2.4700
               weights[0:8] → [ +0.8777  +0.0324  +1.7150  +0.3423  +0.1626  +0.1772  +0.3636  +0.9146 ]
  ────────────────────────────────────────────────────────────

  [DELTA] Cosine similarity: local_sent vs received
      class 0 │ cosine_sim=0.9854   L2_drift=1.1014
      class 1 │ cosine_sim=0.9851   L2_drift=1.0078
      class 2 │ cosine_sim=1.0000   L2_drift=0.0000
      class 3 │ cosine_sim=0.9861   L2_drift=1.0630
      class 4 │ cosine_sim=0.9897   L2_drift=0.8280
      class 5 │ cosine_sim=1.0000   L2_drift=0.0000
      class 6 │ cosine_sim=0.9915   L2_drift=0.7141
      class 7 │ cosine_sim=0.9754   L2_drift=1.3501

──────────────────────────────────────────────────────────────────────
  ROUND 5/10   [12:00:56.483]   λ_proto = 2.50
──────────────────────────────────────────────────────────────────────
  [TRAIN]  Local accuracy = 62.01%
  [SAVE]  💾 Model saved → local_models/hospital_3_round_4.pt

  [SEND]  📡 Sending 8 prototypes to server  [12:01:20.405]
  ────────────────────────────────────────────────────────────
      class 0 │ norm=6.5367  mean=+0.5762  std=0.5839  min=+0.0000  max=+2.0544
               weights[0:8] → [ +0.9757  +0.4698  +1.1651  +0.0000  +1.4845  +1.0692  +0.6619  +0.7355 ]
      class 1 │ norm=5.9529  mean=+0.5321  std=0.5243  min=+0.0000  max=+1.6582
               weights[0:8] → [ +0.9961  +0.6043  +1.3955  +0.0000  +1.4157  +1.2827  +0.5023  +0.9017 ]
      class 2 │ norm=5.3900  mean=+0.4250  std=0.5269  min=+0.0000  max=+2.1575
               weights[0:8] → [ +0.7801  +0.1247  +1.4109  +0.0000  +0.6719  +0.4317  +0.2444  +0.8039 ]
      class 3 │ norm=6.4408  mean=+0.5637  std=0.5794  min=+0.0000  max=+2.0806
               weights[0:8] → [ +0.9473  +0.4472  +1.0992  +0.0000  +1.5642  +1.0840  +0.6458  +0.7405 ]
      class 4 │ norm=5.6747  mean=+0.4832  std=0.5234  min=+0.0000  max=+1.9761
               weights[0:8] → [ +0.8520  +0.2456  +1.3152  +0.0000  +0.9439  +0.6325  +0.4066  +0.7603 ]
      class 5 │ norm=6.4613  mean=+0.5605  std=0.5861  min=+0.0000  max=+2.1690
               weights[0:8] → [ +0.9501  +0.4893  +1.0060  +0.0000  +1.7105  +1.1814  +0.6676  +0.7524 ]
      class 6 │ norm=5.3726  mean=+0.4563  std=0.4966  min=+0.0000  max=+1.9030
               weights[0:8] → [ +0.8544  +0.2577  +1.3462  +0.0000  +1.0095  +0.7760  +0.3264  +0.8415 ]
      class 7 │ norm=5.7759  mean=+0.3562  std=0.6330  min=+0.0000  max=+2.5425
               weights[0:8] → [ +0.7202  +0.0466  +1.6595  +0.0000  +0.2286  +0.2261  +0.0351  +0.9102 ]
  ────────────────────────────────────────────────────────────

  [RECV]  📥 Received 8 prototypes from server  [12:01:20.587]
  ────────────────────────────────────────────────────────────
      class 0 │ norm=6.4065  mean=+0.5794  std=0.5572  min=+0.0000  max=+1.9483
               weights[0:8] → [ +0.9075  +0.2349  +1.1592  +0.1045  +1.5850  +1.1815  +0.5429  +0.7076 ]
      class 1 │ norm=5.8066  mean=+0.5285  std=0.5015  min=+0.0000  max=+1.7473
               weights[0:8] → [ +1.0377  +0.3022  +1.3833  +0.0917  +1.2492  +1.1825  +0.4525  +0.9267 ]
      class 2 │ norm=5.3900  mean=+0.4250  std=0.5269  min=+0.0000  max=+2.1575
               weights[0:8] → [ +0.7801  +0.1247  +1.4109  +0.0000  +0.6719  +0.4317  +0.2444  +0.8039 ]
      class 3 │ norm=6.3195  mean=+0.5665  std=0.5549  min=+0.0000  max=+1.9777
               weights[0:8] → [ +0.8596  +0.2236  +1.0750  +0.0909  +1.6355  +1.1838  +0.5180  +0.6869 ]
      class 4 │ norm=5.5742  mean=+0.4917  std=0.4976  min=+0.0000  max=+1.8736
               weights[0:8] → [ +0.8637  +0.1228  +1.3250  +0.1487  +1.0467  +0.7382  +0.4736  +0.7008 ]
      class 5 │ norm=6.4613  mean=+0.5605  std=0.5861  min=+0.0000  max=+2.1690
               weights[0:8] → [ +0.9501  +0.4893  +1.0060  +0.0000  +1.7105  +1.1814  +0.6676  +0.7524 ]
      class 6 │ norm=5.2715  mean=+0.4578  std=0.4777  min=+0.0000  max=+1.8511
               weights[0:8] → [ +0.8844  +0.1288  +1.3282  +0.1410  +0.9550  +0.7522  +0.4163  +0.7826 ]
      class 7 │ norm=5.4543  mean=+0.3582  std=0.5847  min=+0.0000  max=+2.3520
               weights[0:8] → [ +0.9008  +0.0233  +1.6849  +0.2216  +0.1635  +0.1697  +0.3694  +0.8418 ]
  ────────────────────────────────────────────────────────────

  [DELTA] Cosine similarity: local_sent vs received
      class 0 │ cosine_sim=0.9896   L2_drift=0.9437
      class 1 │ cosine_sim=0.9896   L2_drift=0.8598
      class 2 │ cosine_sim=1.0000   L2_drift=0.0000
      class 3 │ cosine_sim=0.9904   L2_drift=0.8926
      class 4 │ cosine_sim=0.9916   L2_drift=0.7377
      class 5 │ cosine_sim=1.0000   L2_drift=0.0000
      class 6 │ cosine_sim=0.9952   L2_drift=0.5331
      class 7 │ cosine_sim=0.9816   L2_drift=1.1237

──────────────────────────────────────────────────────────────────────
  ROUND 6/10   [12:01:20.652]   λ_proto = 2.50
──────────────────────────────────────────────────────────────────────
  [TRAIN]  Local accuracy = 65.45%
  [SAVE]  💾 Model saved → local_models/hospital_3_round_5.pt

  [SEND]  📡 Sending 8 prototypes to server  [12:01:44.707]
  ────────────────────────────────────────────────────────────
      class 0 │ norm=6.5142  mean=+0.5714  std=0.5847  min=+0.0000  max=+2.0444
               weights[0:8] → [ +0.9102  +0.3348  +1.1762  +0.0000  +1.4563  +1.0173  +0.6540  +0.7506 ]
      class 1 │ norm=6.0118  mean=+0.5385  std=0.5283  min=+0.0000  max=+1.6915
               weights[0:8] → [ +0.9688  +0.5745  +1.4224  +0.0000  +1.4372  +1.3162  +0.5222  +0.9359 ]
      class 2 │ norm=5.3585  mean=+0.4161  std=0.5290  min=+0.0000  max=+2.1855
               weights[0:8] → [ +0.7321  +0.0539  +1.4343  +0.0000  +0.6397  +0.3683  +0.2267  +0.7914 ]
      class 3 │ norm=6.3825  mean=+0.5558  std=0.5769  min=+0.0000  max=+2.0487
               weights[0:8] → [ +0.8737  +0.3010  +1.1018  +0.0000  +1.5358  +1.0202  +0.6319  +0.7673 ]
      class 4 │ norm=5.6424  mean=+0.4755  std=0.5251  min=+0.0000  max=+2.0020
               weights[0:8] → [ +0.7969  +0.1469  +1.3351  +0.0000  +0.9071  +0.5702  +0.3928  +0.7524 ]
      class 5 │ norm=6.3756  mean=+0.5514  std=0.5799  min=+0.0000  max=+2.1199
               weights[0:8] → [ +0.8726  +0.3463  +0.9956  +0.0000  +1.6876  +1.1159  +0.6567  +0.7962 ]
      class 6 │ norm=5.3405  mean=+0.4500  std=0.4970  min=+0.0000  max=+1.9463
               weights[0:8] → [ +0.8108  +0.1742  +1.3630  +0.0000  +0.9924  +0.7293  +0.3102  +0.8554 ]
      class 7 │ norm=5.7675  mean=+0.3507  std=0.6349  min=+0.0000  max=+2.5619
               weights[0:8] → [ +0.7039  +0.0367  +1.6980  +0.0000  +0.2195  +0.1987  +0.0332  +0.8875 ]
  ────────────────────────────────────────────────────────────

  [RECV]  📥 Received 8 prototypes from server  [12:01:44.833]
  ────────────────────────────────────────────────────────────
      class 0 │ norm=6.4410  mean=+0.5765  std=0.5664  min=+0.0000  max=+1.9587
               weights[0:8] → [ +0.8544  +0.1674  +1.1823  +0.0613  +1.5596  +1.1553  +0.5278  +0.7529 ]
      class 1 │ norm=5.9186  mean=+0.5364  std=0.5136  min=+0.0000  max=+1.8017
               weights[0:8] → [ +1.0195  +0.2873  +1.4255  +0.0501  +1.2331  +1.2211  +0.4508  +1.0054 ]
      class 2 │ norm=5.3585  mean=+0.4161  std=0.5290  min=+0.0000  max=+2.1855
               weights[0:8] → [ +0.7321  +0.0539  +1.4343  +0.0000  +0.6397  +0.3683  +0.2267  +0.7914 ]
      class 3 │ norm=6.3208  mean=+0.5612  std=0.5606  min=+0.0000  max=+1.9724
               weights[0:8] → [ +0.8042  +0.1505  +1.0914  +0.0518  +1.5972  +1.1449  +0.4995  +0.7428 ]
      class 4 │ norm=5.5959  mean=+0.4855  std=0.5075  min=+0.0000  max=+1.9130
               weights[0:8] → [ +0.8060  +0.0734  +1.3575  +0.0872  +1.0227  +0.7032  +0.4564  +0.7121 ]
      class 5 │ norm=6.3756  mean=+0.5514  std=0.5799  min=+0.0000  max=+2.1199
               weights[0:8] → [ +0.8726  +0.3463  +0.9956  +0.0000  +1.6876  +1.1159  +0.6567  +0.7962 ]
      class 6 │ norm=5.3101  mean=+0.4533  std=0.4887  min=+0.0000  max=+1.9045
               weights[0:8] → [ +0.8376  +0.0871  +1.3563  +0.0853  +0.9290  +0.7284  +0.3971  +0.8205 ]
      class 7 │ norm=5.5197  mean=+0.3523  std=0.5979  min=+0.0000  max=+2.3933
               weights[0:8] → [ +0.8571  +0.0183  +1.7381  +0.1338  +0.1520  +0.1577  +0.3606  +0.8365 ]
  ────────────────────────────────────────────────────────────

  [DELTA] Cosine similarity: local_sent vs received
      class 0 │ cosine_sim=0.9915   L2_drift=0.8454
      class 1 │ cosine_sim=0.9875   L2_drift=0.9464
      class 2 │ cosine_sim=1.0000   L2_drift=0.0000
      class 3 │ cosine_sim=0.9923   L2_drift=0.7930
      class 4 │ cosine_sim=0.9935   L2_drift=0.6439
      class 5 │ cosine_sim=1.0000   L2_drift=0.0000
      class 6 │ cosine_sim=0.9969   L2_drift=0.4200
      class 7 │ cosine_sim=0.9876   L2_drift=0.9229

──────────────────────────────────────────────────────────────────────
  ROUND 7/10   [12:01:44.854]   λ_proto = 2.50
──────────────────────────────────────────────────────────────────────
  [TRAIN]  Local accuracy = 67.64%
  [SAVE]  💾 Model saved → local_models/hospital_3_round_6.pt

  [SEND]  📡 Sending 8 prototypes to server  [12:02:08.232]
  ────────────────────────────────────────────────────────────
      class 0 │ norm=6.5113  mean=+0.5705  std=0.5851  min=+0.0000  max=+2.0112
               weights[0:8] → [ +0.9132  +0.2696  +1.2123  +0.0000  +1.3977  +0.9710  +0.6429  +0.7779 ]
      class 1 │ norm=6.0811  mean=+0.5445  std=0.5346  min=+0.0000  max=+1.7656
               weights[0:8] → [ +0.9974  +0.5508  +1.4681  +0.0000  +1.4128  +1.3249  +0.5339  +0.9716 ]
      class 2 │ norm=5.4580  mean=+0.4177  std=0.5437  min=+0.0000  max=+2.2358
               weights[0:8] → [ +0.7645  +0.0294  +1.4866  +0.0000  +0.6047  +0.3204  +0.2095  +0.8008 ]
      class 3 │ norm=6.3507  mean=+0.5529  std=0.5741  min=+0.0000  max=+1.9936
               weights[0:8] → [ +0.8698  +0.2271  +1.1339  +0.0000  +1.4782  +0.9649  +0.6129  +0.8118 ]
      class 4 │ norm=5.7045  mean=+0.4762  std=0.5349  min=+0.0000  max=+2.0500
               weights[0:8] → [ +0.8195  +0.1040  +1.3821  +0.0000  +0.8603  +0.5217  +0.3790  +0.7635 ]
      class 5 │ norm=6.3143  mean=+0.5478  std=0.5728  min=+0.0000  max=+2.0479
               weights[0:8] → [ +0.8638  +0.2760  +1.0212  +0.0000  +1.6358  +1.0618  +0.6391  +0.8610 ]
      class 6 │ norm=5.4178  mean=+0.4507  std=0.5095  min=+0.0000  max=+2.0216
               weights[0:8] → [ +0.8367  +0.1265  +1.4063  +0.0000  +0.9590  +0.6862  +0.2928  +0.8863 ]
      class 7 │ norm=5.9162  mean=+0.3566  std=0.6530  min=+0.0000  max=+2.5990
               weights[0:8] → [ +0.7668  +0.0283  +1.7642  +0.0000  +0.2142  +0.1788  +0.0308  +0.8850 ]
  ────────────────────────────────────────────────────────────

  [RECV]  📥 Received 8 prototypes from server  [12:02:08.368]
  ────────────────────────────────────────────────────────────
      class 0 │ norm=6.5485  mean=+0.5856  std=0.5765  min=+0.0000  max=+1.9284
               weights[0:8] → [ +0.8678  +0.1348  +1.2316  +0.0660  +1.5302  +1.1073  +0.5534  +0.7988 ]
      class 1 │ norm=6.0858  mean=+0.5518  std=0.5278  min=+0.0000  max=+1.8866
               weights[0:8] → [ +1.0551  +0.2754  +1.4844  +0.0538  +1.2116  +1.2195  +0.4865  +1.0701 ]
      class 2 │ norm=5.4580  mean=+0.4177  std=0.5437  min=+0.0000  max=+2.2358
               weights[0:8] → [ +0.7645  +0.0294  +1.4866  +0.0000  +0.6047  +0.3204  +0.2095  +0.8008 ]
      class 3 │ norm=6.4095  mean=+0.5691  std=0.5684  min=+0.0000  max=+1.9262
               weights[0:8] → [ +0.8130  +0.1136  +1.1350  +0.0576  +1.5610  +1.0851  +0.5192  +0.7991 ]
      class 4 │ norm=5.7480  mean=+0.4954  std=0.5245  min=+0.0000  max=+1.9868
               weights[0:8] → [ +0.8330  +0.0520  +1.4247  +0.0907  +0.9995  +0.6597  +0.4892  +0.7452 ]
      class 5 │ norm=6.3143  mean=+0.5478  std=0.5728  min=+0.0000  max=+2.0479
               weights[0:8] → [ +0.8638  +0.2760  +1.0212  +0.0000  +1.6358  +1.0618  +0.6391  +0.8610 ]
      class 6 │ norm=5.4921  mean=+0.4644  std=0.5096  min=+0.0000  max=+1.9941
               weights[0:8] → [ +0.8664  +0.0633  +1.4155  +0.0947  +0.9053  +0.6906  +0.4273  +0.8720 ]
      class 7 │ norm=5.7711  mean=+0.3662  std=0.6265  min=+0.0000  max=+2.4750
               weights[0:8] → [ +0.9125  +0.0142  +1.8317  +0.1382  +0.1461  +0.1461  +0.4117  +0.8683 ]
  ────────────────────────────────────────────────────────────

  [DELTA] Cosine similarity: local_sent vs received
      class 0 │ cosine_sim=0.9927   L2_drift=0.7894
      class 1 │ cosine_sim=0.9874   L2_drift=0.9639
      class 2 │ cosine_sim=1.0000   L2_drift=0.0000
      class 3 │ cosine_sim=0.9929   L2_drift=0.7648
      class 4 │ cosine_sim=0.9928   L2_drift=0.6864
      class 5 │ cosine_sim=1.0000   L2_drift=0.0000
      class 6 │ cosine_sim=0.9951   L2_drift=0.5432
      class 7 │ cosine_sim=0.9871   L2_drift=0.9495

──────────────────────────────────────────────────────────────────────
  ROUND 8/10   [12:02:08.395]   λ_proto = 2.50
──────────────────────────────────────────────────────────────────────
  [TRAIN]  Local accuracy = 70.35%
  [SAVE]  💾 Model saved → local_models/hospital_3_round_7.pt

  [SEND]  📡 Sending 8 prototypes to server  [12:02:31.805]
  ────────────────────────────────────────────────────────────
      class 0 │ norm=6.6081  mean=+0.5848  std=0.5879  min=+0.0000  max=+1.9779
               weights[0:8] → [ +0.9097  +0.2823  +1.2387  +0.0000  +1.3686  +1.0087  +0.6617  +0.8726 ]
      class 1 │ norm=6.3012  mean=+0.5666  std=0.5515  min=+0.0000  max=+1.7871
               weights[0:8] → [ +1.0136  +0.5982  +1.5074  +0.0000  +1.4135  +1.4126  +0.5722  +1.0735 ]
      class 2 │ norm=5.5658  mean=+0.4272  std=0.5535  min=+0.0000  max=+2.2232
               weights[0:8] → [ +0.7709  +0.0286  +1.5170  +0.0000  +0.5947  +0.3296  +0.2060  +0.8637 ]
      class 3 │ norm=6.4472  mean=+0.5676  std=0.5766  min=+0.0000  max=+1.9422
               weights[0:8] → [ +0.8670  +0.2360  +1.1623  +0.0000  +1.4609  +1.0101  +0.6266  +0.9312 ]
      class 4 │ norm=5.7977  mean=+0.4866  std=0.5413  min=+0.0000  max=+2.0393
               weights[0:8] → [ +0.8217  +0.1055  +1.4096  +0.0000  +0.8372  +0.5330  +0.3845  +0.8316 ]
      class 5 │ norm=6.4247  mean=+0.5643  std=0.5760  min=+0.0000  max=+1.9840
               weights[0:8] → [ +0.8635  +0.2903  +1.0497  +0.0000  +1.6321  +1.1231  +0.6567  +1.0092 ]
      class 6 │ norm=5.5641  mean=+0.4653  std=0.5211  min=+0.0000  max=+2.0358
               weights[0:8] → [ +0.8491  +0.1302  +1.4378  +0.0000  +0.9611  +0.7306  +0.2942  +0.9838 ]
      class 7 │ norm=6.0373  mean=+0.3666  std=0.6649  min=+0.0000  max=+2.5655
               weights[0:8] → [ +0.7860  +0.0299  +1.7996  +0.0000  +0.2220  +0.1932  +0.0313  +0.9301 ]
  ────────────────────────────────────────────────────────────

  [RECV]  📥 Received 8 prototypes from server  [12:02:31.887]
  ────────────────────────────────────────────────────────────
      class 0 │ norm=6.5810  mean=+0.5877  std=0.5801  min=+0.0000  max=+1.8746
               weights[0:8] → [ +0.8348  +0.1411  +1.2396  +0.0396  +1.5249  +1.0876  +0.5332  +0.8137 ]
      class 1 │ norm=6.1427  mean=+0.5592  std=0.5304  min=+0.0000  max=+1.8914
               weights[0:8] → [ +1.0360  +0.2991  +1.4960  +0.0285  +1.2116  +1.2621  +0.4767  +1.1062 ]
      class 2 │ norm=5.5658  mean=+0.4272  std=0.5535  min=+0.0000  max=+2.2232
               weights[0:8] → [ +0.7709  +0.0286  +1.5170  +0.0000  +0.5947  +0.3296  +0.2060  +0.8637 ]
      class 3 │ norm=6.4345  mean=+0.5717  std=0.5703  min=+0.0000  max=+1.8656
               weights[0:8] → [ +0.7821  +0.1180  +1.1411  +0.0322  +1.5529  +1.0631  +0.4940  +0.8379 ]
      class 4 │ norm=5.7462  mean=+0.4932  std=0.5263  min=+0.0000  max=+1.9917
               weights[0:8] → [ +0.8111  +0.0528  +1.4486  +0.0530  +0.9918  +0.6343  +0.4619  +0.7335 ]
      class 5 │ norm=6.4247  mean=+0.5643  std=0.5760  min=+0.0000  max=+1.9840
               weights[0:8] → [ +0.8635  +0.2903  +1.0497  +0.0000  +1.6321  +1.1231  +0.6567  +1.0092 ]
      class 6 │ norm=5.5049  mean=+0.4638  std=0.5123  min=+0.0000  max=+2.0086
               weights[0:8] → [ +0.8456  +0.0651  +1.4304  +0.0591  +0.9019  +0.6908  +0.3923  +0.8905 ]
      class 7 │ norm=5.7903  mean=+0.3608  std=0.6324  min=+0.0000  max=+2.4800
               weights[0:8] → [ +0.9039  +0.0150  +1.8738  +0.0840  +0.1472  +0.1527  +0.3800  +0.8363 ]
  ────────────────────────────────────────────────────────────

  [DELTA] Cosine similarity: local_sent vs received
      class 0 │ cosine_sim=0.9933   L2_drift=0.7619
      class 1 │ cosine_sim=0.9862   L2_drift=1.0439
      class 2 │ cosine_sim=1.0000   L2_drift=0.0000
      class 3 │ cosine_sim=0.9944   L2_drift=0.6828
      class 4 │ cosine_sim=0.9935   L2_drift=0.6611
      class 5 │ cosine_sim=1.0000   L2_drift=0.0000
      class 6 │ cosine_sim=0.9970   L2_drift=0.4336
      class 7 │ cosine_sim=0.9915   L2_drift=0.8106

──────────────────────────────────────────────────────────────────────
  ROUND 9/10   [12:02:31.907]   λ_proto = 2.50
──────────────────────────────────────────────────────────────────────
  [TRAIN]  Local accuracy = 72.31%
  [SAVE]  💾 Model saved → local_models/hospital_3_round_8.pt

  [SEND]  📡 Sending 8 prototypes to server  [12:02:49.056]
  ────────────────────────────────────────────────────────────
      class 0 │ norm=6.7398  mean=+0.5999  std=0.5962  min=+0.0000  max=+1.9556
               weights[0:8] → [ +0.9847  +0.3268  +1.2939  +0.0000  +1.3964  +1.0582  +0.6836  +0.9022 ]
      class 1 │ norm=6.5025  mean=+0.5853  std=0.5685  min=+0.0000  max=+1.8037
               weights[0:8] → [ +1.1068  +0.6711  +1.5706  +0.0000  +1.4606  +1.4958  +0.6200  +1.1039 ]
      class 2 │ norm=5.6001  mean=+0.4317  std=0.5554  min=+0.0000  max=+2.2183
               weights[0:8] → [ +0.8690  +0.0351  +1.5877  +0.0000  +0.6133  +0.3454  +0.2041  +0.8718 ]
      class 3 │ norm=6.5825  mean=+0.5832  std=0.5850  min=+0.0000  max=+1.9084
               weights[0:8] → [ +0.9414  +0.2787  +1.2152  +0.0000  +1.5048  +1.0686  +0.6482  +0.9800 ]
      class 4 │ norm=5.8568  mean=+0.4944  std=0.5442  min=+0.0000  max=+2.0363
               weights[0:8] → [ +0.9112  +0.1245  +1.4748  +0.0000  +0.8527  +0.5541  +0.3905  +0.8429 ]
      class 5 │ norm=6.5870  mean=+0.5817  std=0.5873  min=+0.0000  max=+1.9449
               weights[0:8] → [ +0.9366  +0.3402  +1.0979  +0.0000  +1.6935  +1.1973  +0.6857  +1.0793 ]
      class 6 │ norm=5.6525  mean=+0.4753  std=0.5269  min=+0.0000  max=+2.0526
               weights[0:8] → [ +0.9440  +0.1523  +1.5017  +0.0000  +0.9987  +0.7744  +0.2992  +1.0152 ]
      class 7 │ norm=6.0502  mean=+0.3678  std=0.6660  min=+0.0000  max=+2.5450
               weights[0:8] → [ +0.9026  +0.0353  +1.8828  +0.0000  +0.2377  +0.2044  +0.0333  +0.9209 ]
  ────────────────────────────────────────────────────────────

  [RECV]  📥 Received 8 prototypes from server  [12:02:49.114]
  ────────────────────────────────────────────────────────────
      class 0 │ norm=6.6506  mean=+0.5953  std=0.5849  min=+0.0000  max=+1.8635
               weights[0:8] → [ +0.8723  +0.1634  +1.2672  +0.0396  +1.5389  +1.1123  +0.5442  +0.8285 ]
      class 1 │ norm=6.2291  mean=+0.5685  std=0.5363  min=+0.0000  max=+1.8998
               weights[0:8] → [ +1.0826  +0.3355  +1.5275  +0.0285  +1.2352  +1.3037  +0.5006  +1.1213 ]
      class 2 │ norm=5.6001  mean=+0.4317  std=0.5554  min=+0.0000  max=+2.2183
               weights[0:8] → [ +0.8690  +0.0351  +1.5877  +0.0000  +0.6133  +0.3454  +0.2041  +0.8718 ]
      class 3 │ norm=6.5059  mean=+0.5795  std=0.5751  min=+0.0000  max=+1.8487
               weights[0:8] → [ +0.8193  +0.1394  +1.1676  +0.0322  +1.5748  +1.0923  +0.5048  +0.8623 ]
      class 4 │ norm=5.7807  mean=+0.4971  std=0.5285  min=+0.0000  max=+1.9903
               weights[0:8] → [ +0.8558  +0.0622  +1.4812  +0.0530  +0.9995  +0.6448  +0.4649  +0.7392 ]
      class 5 │ norm=6.5870  mean=+0.5817  std=0.5873  min=+0.0000  max=+1.9449
               weights[0:8] → [ +0.9366  +0.3402  +1.0979  +0.0000  +1.6935  +1.1973  +0.6857  +1.0793 ]
      class 6 │ norm=5.5499  mean=+0.4688  std=0.5154  min=+0.0000  max=+2.0170
               weights[0:8] → [ +0.8930  +0.0762  +1.4624  +0.0591  +0.9207  +0.7127  +0.3948  +0.9062 ]
      class 7 │ norm=5.8026  mean=+0.3614  std=0.6338  min=+0.0000  max=+2.4697
               weights[0:8] → [ +0.9623  +0.0177  +1.9154  +0.0840  +0.1551  +0.1583  +0.3810  +0.8317 ]
  ────────────────────────────────────────────────────────────

  [DELTA] Cosine similarity: local_sent vs received
      class 0 │ cosine_sim=0.9941   L2_drift=0.7338
      class 1 │ cosine_sim=0.9848   L2_drift=1.1441
      class 2 │ cosine_sim=1.0000   L2_drift=0.0000
      class 3 │ cosine_sim=0.9951   L2_drift=0.6510
      class 4 │ cosine_sim=0.9944   L2_drift=0.6196
      class 5 │ cosine_sim=1.0000   L2_drift=0.0000
      class 6 │ cosine_sim=0.9972   L2_drift=0.4321
      class 7 │ cosine_sim=0.9924   L2_drift=0.7699

──────────────────────────────────────────────────────────────────────
  ROUND 10/10   [12:02:49.130]   λ_proto = 2.50
──────────────────────────────────────────────────────────────────────
  [TRAIN]  Local accuracy = 74.03%
  [SAVE]  💾 Model saved → local_models/hospital_3_round_9.pt

  [SEND]  📡 Sending 8 prototypes to server  [12:03:02.130]
  ────────────────────────────────────────────────────────────
      class 0 │ norm=6.4952  mean=+0.5742  std=0.5785  min=+0.0000  max=+1.9290
               weights[0:8] → [ +0.8632  +0.2641  +1.2148  +0.0000  +1.2929  +0.9064  +0.6299  +0.7786 ]
      class 1 │ norm=6.1391  mean=+0.5542  std=0.5350  min=+0.0000  max=+1.7946
               weights[0:8] → [ +0.9898  +0.5969  +1.4759  +0.0000  +1.3610  +1.3507  +0.5744  +0.9775 ]
      class 2 │ norm=5.3801  mean=+0.4085  std=0.5385  min=+0.0000  max=+2.1759
               weights[0:8] → [ +0.7613  +0.0227  +1.5076  +0.0000  +0.5480  +0.2556  +0.1763  +0.7387 ]
      class 3 │ norm=6.3085  mean=+0.5551  std=0.5645  min=+0.0000  max=+1.8697
               weights[0:8] → [ +0.8153  +0.2135  +1.1288  +0.0000  +1.3943  +0.8958  +0.5891  +0.8639 ]
      class 4 │ norm=5.6430  mean=+0.4720  std=0.5283  min=+0.0000  max=+1.9971
               weights[0:8] → [ +0.8003  +0.0945  +1.3983  +0.0000  +0.7771  +0.4518  +0.3558  +0.7112 ]
      class 5 │ norm=6.2796  mean=+0.5516  std=0.5629  min=+0.0000  max=+1.9015
               weights[0:8] → [ +0.8084  +0.2729  +1.0076  +0.0000  +1.5769  +1.0094  +0.6259  +0.9719 ]
      class 6 │ norm=5.3849  mean=+0.4468  std=0.5074  min=+0.0000  max=+2.0374
               weights[0:8] → [ +0.8315  +0.1090  +1.4139  +0.0000  +0.9055  +0.6340  +0.2601  +0.8914 ]
      class 7 │ norm=5.8225  mean=+0.3441  std=0.6464  min=+0.0000  max=+2.4848
               weights[0:8] → [ +0.8044  +0.0252  +1.8020  +0.0000  +0.2020  +0.1568  +0.0277  +0.7706 ]
  ────────────────────────────────────────────────────────────

  [RECV]  📥 Received 8 prototypes from server  [12:03:02.198]
  ────────────────────────────────────────────────────────────
      class 0 │ norm=6.5218  mean=+0.5824  std=0.5749  min=+0.0000  max=+1.8502
               weights[0:8] → [ +0.8116  +0.1321  +1.2277  +0.0396  +1.4871  +1.0364  +0.5173  +0.7667 ]
      class 1 │ norm=6.0630  mean=+0.5529  std=0.5224  min=+0.0000  max=+1.8952
               weights[0:8] → [ +1.0241  +0.2984  +1.4802  +0.0285  +1.1854  +1.2312  +0.4778  +1.0582 ]
      class 2 │ norm=5.3801  mean=+0.4085  std=0.5385  min=+0.0000  max=+2.1759
               weights[0:8] → [ +0.7613  +0.0227  +1.5076  +0.0000  +0.5480  +0.2556  +0.1763  +0.7387 ]
      class 3 │ norm=6.3622  mean=+0.5654  std=0.5637  min=+0.0000  max=+1.8293
               weights[0:8] → [ +0.7563  +0.1068  +1.1243  +0.0322  +1.5196  +1.0059  +0.4753  +0.8043 ]
      class 4 │ norm=5.6683  mean=+0.4859  std=0.5197  min=+0.0000  max=+1.9706
               weights[0:8] → [ +0.8004  +0.0473  +1.4429  +0.0530  +0.9617  +0.5937  +0.4475  +0.6733 ]
      class 5 │ norm=6.2796  mean=+0.5516  std=0.5629  min=+0.0000  max=+1.9015
               weights[0:8] → [ +0.8084  +0.2729  +1.0076  +0.0000  +1.5769  +1.0094  +0.6259  +0.9719 ]
      class 6 │ norm=5.4178  mean=+0.4546  std=0.5059  min=+0.0000  max=+2.0094
               weights[0:8] → [ +0.8368  +0.0545  +1.4184  +0.0591  +0.8741  +0.6425  +0.3753  +0.8443 ]
      class 7 │ norm=5.6930  mean=+0.3496  std=0.6248  min=+0.0000  max=+2.4396
               weights[0:8] → [ +0.9132  +0.0126  +1.8750  +0.0840  +0.1372  +0.1345  +0.3782  +0.7565 ]
  ────────────────────────────────────────────────────────────

  [DELTA] Cosine similarity: local_sent vs received
      class 0 │ cosine_sim=0.9927   L2_drift=0.7848
      class 1 │ cosine_sim=0.9859   L2_drift=1.0266
      class 2 │ cosine_sim=1.0000   L2_drift=0.0000
      class 3 │ cosine_sim=0.9937   L2_drift=0.7125
      class 4 │ cosine_sim=0.9931   L2_drift=0.6647
      class 5 │ cosine_sim=1.0000   L2_drift=0.0000
      class 6 │ cosine_sim=0.9973   L2_drift=0.3980
      class 7 │ cosine_sim=0.9927   L2_drift=0.7082

======================================================================
  hospital_3 — TRAINING COMPLETE   [12:03:02.213]
======================================================================

